This is pdfTeX, Version 3.141592653-2.6-1.40.24 (TeX Live 2022/Debian) (preloaded format=pdflatex 2025.2.22)  27 DEC 2025 21:17
entering extended mode
 restricted \write18 enabled.
 %&-line parsing enabled.
**test.tex
(./test.tex
LaTeX2e <2022-11-01> patch level 1
L3 programming layer <2023-01-16>
(/usr/share/texlive/texmf-dist/tex/latex/base/article.cls
Document Class: article 2022/07/02 v1.4n Standard LaTeX document class
(/usr/share/texlive/texmf-dist/tex/latex/base/size10.clo
File: size10.clo 2022/07/02 v1.4n Standard LaTeX file (size option)
)
\c@part=\count185
\c@section=\count186
\c@subsection=\count187
\c@subsubsection=\count188
\c@paragraph=\count189
\c@subparagraph=\count190
\c@figure=\count191
\c@table=\count192
\abovecaptionskip=\skip48
\belowcaptionskip=\skip49
\bibindent=\dimen140
)
(/usr/share/texlive/texmf-dist/tex/latex/amsmath/amsmath.sty
Package: amsmath 2022/04/08 v2.17n AMS math features
\@mathmargin=\skip50

For additional information on amsmath, use the `?' option.
(/usr/share/texlive/texmf-dist/tex/latex/amsmath/amstext.sty
Package: amstext 2021/08/26 v2.01 AMS text

(/usr/share/texlive/texmf-dist/tex/latex/amsmath/amsgen.sty
File: amsgen.sty 1999/11/30 v2.0 generic functions
\@emptytoks=\toks16
\ex@=\dimen141
))
(/usr/share/texlive/texmf-dist/tex/latex/amsmath/amsbsy.sty
Package: amsbsy 1999/11/29 v1.2d Bold Symbols
\pmbraise@=\dimen142
)
(/usr/share/texlive/texmf-dist/tex/latex/amsmath/amsopn.sty
Package: amsopn 2022/04/08 v2.04 operator names
)
\inf@bad=\count193
LaTeX Info: Redefining \frac on input line 234.
\uproot@=\count194
\leftroot@=\count195
LaTeX Info: Redefining \overline on input line 399.
LaTeX Info: Redefining \colon on input line 410.
\classnum@=\count196
\DOTSCASE@=\count197
LaTeX Info: Redefining \ldots on input line 496.
LaTeX Info: Redefining \dots on input line 499.
LaTeX Info: Redefining \cdots on input line 620.
\Mathstrutbox@=\box51
\strutbox@=\box52
LaTeX Info: Redefining \big on input line 722.
LaTeX Info: Redefining \Big on input line 723.
LaTeX Info: Redefining \bigg on input line 724.
LaTeX Info: Redefining \Bigg on input line 725.
\big@size=\dimen143
LaTeX Font Info:    Redeclaring font encoding OML on input line 743.
LaTeX Font Info:    Redeclaring font encoding OMS on input line 744.
\macc@depth=\count198
LaTeX Info: Redefining \bmod on input line 905.
LaTeX Info: Redefining \pmod on input line 910.
LaTeX Info: Redefining \smash on input line 940.
LaTeX Info: Redefining \relbar on input line 970.
LaTeX Info: Redefining \Relbar on input line 971.
\c@MaxMatrixCols=\count199
\dotsspace@=\muskip16
\c@parentequation=\count266
\dspbrk@lvl=\count267
\tag@help=\toks17
\row@=\count268
\column@=\count269
\maxfields@=\count270
\andhelp@=\toks18
\eqnshift@=\dimen144
\alignsep@=\dimen145
\tagshift@=\dimen146
\tagwidth@=\dimen147
\totwidth@=\dimen148
\lineht@=\dimen149
\@envbody=\toks19
\multlinegap=\skip51
\multlinetaggap=\skip52
\mathdisplay@stack=\toks20
LaTeX Info: Redefining \[ on input line 2953.
LaTeX Info: Redefining \] on input line 2954.
)
(/usr/share/texlive/texmf-dist/tex/latex/amsfonts/amssymb.sty
Package: amssymb 2013/01/14 v3.01 AMS font symbols

(/usr/share/texlive/texmf-dist/tex/latex/amsfonts/amsfonts.sty
Package: amsfonts 2013/01/14 v3.01 Basic AMSFonts support
\symAMSa=\mathgroup4
\symAMSb=\mathgroup5
LaTeX Font Info:    Redeclaring math symbol \hbar on input line 98.
LaTeX Font Info:    Overwriting math alphabet `\mathfrak' in version `bold'
(Font)                  U/euf/m/n --> U/euf/b/n on input line 106.
))
(/usr/share/texmf/tex/latex/lm/lmodern.sty
Package: lmodern 2015/05/01 v1.6.1 Latin Modern Fonts
LaTeX Font Info:    Overwriting symbol font `operators' in version `normal'
(Font)                  OT1/cmr/m/n --> OT1/lmr/m/n on input line 22.
LaTeX Font Info:    Overwriting symbol font `letters' in version `normal'
(Font)                  OML/cmm/m/it --> OML/lmm/m/it on input line 23.
LaTeX Font Info:    Overwriting symbol font `symbols' in version `normal'
(Font)                  OMS/cmsy/m/n --> OMS/lmsy/m/n on input line 24.
LaTeX Font Info:    Overwriting symbol font `largesymbols' in version `normal'
(Font)                  OMX/cmex/m/n --> OMX/lmex/m/n on input line 25.
LaTeX Font Info:    Overwriting symbol font `operators' in version `bold'
(Font)                  OT1/cmr/bx/n --> OT1/lmr/bx/n on input line 26.
LaTeX Font Info:    Overwriting symbol font `letters' in version `bold'
(Font)                  OML/cmm/b/it --> OML/lmm/b/it on input line 27.
LaTeX Font Info:    Overwriting symbol font `symbols' in version `bold'
(Font)                  OMS/cmsy/b/n --> OMS/lmsy/b/n on input line 28.
LaTeX Font Info:    Overwriting symbol font `largesymbols' in version `bold'
(Font)                  OMX/cmex/m/n --> OMX/lmex/m/n on input line 29.
LaTeX Font Info:    Overwriting math alphabet `\mathbf' in version `normal'
(Font)                  OT1/cmr/bx/n --> OT1/lmr/bx/n on input line 31.
LaTeX Font Info:    Overwriting math alphabet `\mathsf' in version `normal'
(Font)                  OT1/cmss/m/n --> OT1/lmss/m/n on input line 32.
LaTeX Font Info:    Overwriting math alphabet `\mathit' in version `normal'
(Font)                  OT1/cmr/m/it --> OT1/lmr/m/it on input line 33.
LaTeX Font Info:    Overwriting math alphabet `\mathtt' in version `normal'
(Font)                  OT1/cmtt/m/n --> OT1/lmtt/m/n on input line 34.
LaTeX Font Info:    Overwriting math alphabet `\mathbf' in version `bold'
(Font)                  OT1/cmr/bx/n --> OT1/lmr/bx/n on input line 35.
LaTeX Font Info:    Overwriting math alphabet `\mathsf' in version `bold'
(Font)                  OT1/cmss/bx/n --> OT1/lmss/bx/n on input line 36.
LaTeX Font Info:    Overwriting math alphabet `\mathit' in version `bold'
(Font)                  OT1/cmr/bx/it --> OT1/lmr/bx/it on input line 37.
LaTeX Font Info:    Overwriting math alphabet `\mathtt' in version `bold'
(Font)                  OT1/cmtt/m/n --> OT1/lmtt/m/n on input line 38.
)
(/usr/share/texlive/texmf-dist/tex/generic/iftex/iftex.sty
Package: iftex 2022/02/03 v1.0f TeX engine tests
)
(/usr/share/texlive/texmf-dist/tex/latex/base/fontenc.sty
Package: fontenc 2021/04/29 v2.0v Standard LaTeX package
LaTeX Font Info:    Trying to load font information for T1+lmr on input line 11
2.

(/usr/share/texmf/tex/latex/lm/t1lmr.fd
File: t1lmr.fd 2015/05/01 v1.6.1 Font defs for Latin Modern
))
(/usr/share/texlive/texmf-dist/tex/latex/base/inputenc.sty
Package: inputenc 2021/02/14 v1.3d Input encoding file
\inpenc@prehook=\toks21
\inpenc@posthook=\toks22
)
(/usr/share/texlive/texmf-dist/tex/latex/base/textcomp.sty
Package: textcomp 2020/02/02 v2.0n Standard LaTeX package
)
(/usr/share/texlive/texmf-dist/tex/latex/upquote/upquote.sty
Package: upquote 2012/04/19 v1.3 upright-quote and grave-accent glyphs in verba
tim
)
(/usr/share/texlive/texmf-dist/tex/latex/microtype/microtype.sty
Package: microtype 2022/06/23 v3.0f Micro-typographical refinements (RS)

(/usr/share/texlive/texmf-dist/tex/latex/graphics/keyval.sty
Package: keyval 2022/05/29 v1.15 key=value parser (DPC)
\KV@toks@=\toks23
)
(/usr/share/texlive/texmf-dist/tex/latex/etoolbox/etoolbox.sty
Package: etoolbox 2020/10/05 v2.5k e-TeX tools for LaTeX (JAW)
\etb@tempcnta=\count271
)
\MT@toks=\toks24
\MT@tempbox=\box53
\MT@count=\count272
LaTeX Info: Redefining \noprotrusionifhmode on input line 1045.
LaTeX Info: Redefining \leftprotrusion on input line 1046.
LaTeX Info: Redefining \rightprotrusion on input line 1056.
LaTeX Info: Redefining \textls on input line 1234.
\MT@outer@kern=\dimen150
LaTeX Info: Redefining \textmicrotypecontext on input line 1858.
\MT@listname@count=\count273

(/usr/share/texlive/texmf-dist/tex/latex/microtype/microtype-pdftex.def
File: microtype-pdftex.def 2022/06/23 v3.0f Definitions specific to pdftex (RS)

LaTeX Info: Redefining \lsstyle on input line 900.
LaTeX Info: Redefining \lslig on input line 900.
\MT@outer@space=\skip53
)
Package microtype Info: Loading configuration file microtype.cfg.

(/usr/share/texlive/texmf-dist/tex/latex/microtype/microtype.cfg
File: microtype.cfg 2022/06/23 v3.0f microtype main configuration file (RS)
))
(/usr/share/texlive/texmf-dist/tex/latex/parskip/parskip.sty
Package: parskip 2021-03-14 v2.0h non-zero parskip adjustments

(/usr/share/texlive/texmf-dist/tex/latex/kvoptions/kvoptions.sty
Package: kvoptions 2022-06-15 v3.15 Key value format for package options (HO)

(/usr/share/texlive/texmf-dist/tex/generic/ltxcmds/ltxcmds.sty
Package: ltxcmds 2020-05-10 v1.25 LaTeX kernel commands for general use (HO)
)
(/usr/share/texlive/texmf-dist/tex/latex/kvsetkeys/kvsetkeys.sty
Package: kvsetkeys 2022-10-05 v1.19 Key value parser (HO)
)))
(/usr/share/texlive/texmf-dist/tex/latex/xcolor/xcolor.sty
Package: xcolor 2022/06/12 v2.14 LaTeX color extensions (UK)

(/usr/share/texlive/texmf-dist/tex/latex/graphics-cfg/color.cfg
File: color.cfg 2016/01/02 v1.6 sample color configuration
)
Package xcolor Info: Driver file: pdftex.def on input line 227.

(/usr/share/texlive/texmf-dist/tex/latex/graphics-def/pdftex.def
File: pdftex.def 2022/09/22 v1.2b Graphics/color driver for pdftex
)
(/usr/share/texlive/texmf-dist/tex/latex/graphics/mathcolor.ltx)
Package xcolor Info: Model `cmy' substituted by `cmy0' on input line 1353.
Package xcolor Info: Model `hsb' substituted by `rgb' on input line 1357.
Package xcolor Info: Model `RGB' extended on input line 1369.
Package xcolor Info: Model `HTML' substituted by `rgb' on input line 1371.
Package xcolor Info: Model `Hsb' substituted by `hsb' on input line 1372.
Package xcolor Info: Model `tHsb' substituted by `hsb' on input line 1373.
Package xcolor Info: Model `HSB' substituted by `hsb' on input line 1374.
Package xcolor Info: Model `Gray' substituted by `gray' on input line 1375.
Package xcolor Info: Model `wave' substituted by `hsb' on input line 1376.
)
(/usr/share/texlive/texmf-dist/tex/latex/xurl/xurl.sty
Package: xurl 2022/01/09 v 0.10 modify URL breaks

(/usr/share/texlive/texmf-dist/tex/latex/url/url.sty
\Urlmuskip=\muskip17
Package: url 2013/09/16  ver 3.4  Verb mode for urls, etc.
))
(/usr/share/texlive/texmf-dist/tex/latex/bookmark/bookmark.sty
Package: bookmark 2020-11-06 v1.29 PDF bookmarks (HO)

(/usr/share/texlive/texmf-dist/tex/latex/hyperref/hyperref.sty
Package: hyperref 2022-11-13 v7.00u Hypertext links for LaTeX

(/usr/share/texlive/texmf-dist/tex/generic/pdftexcmds/pdftexcmds.sty
Package: pdftexcmds 2020-06-27 v0.33 Utility functions of pdfTeX for LuaTeX (HO
)

(/usr/share/texlive/texmf-dist/tex/generic/infwarerr/infwarerr.sty
Package: infwarerr 2019/12/03 v1.5 Providing info/warning/error messages (HO)
)
Package pdftexcmds Info: \pdf@primitive is available.
Package pdftexcmds Info: \pdf@ifprimitive is available.
Package pdftexcmds Info: \pdfdraftmode found.
)
(/usr/share/texlive/texmf-dist/tex/generic/kvdefinekeys/kvdefinekeys.sty
Package: kvdefinekeys 2019-12-19 v1.6 Define keys (HO)
)
(/usr/share/texlive/texmf-dist/tex/generic/pdfescape/pdfescape.sty
Package: pdfescape 2019/12/09 v1.15 Implements pdfTeX's escape features (HO)
)
(/usr/share/texlive/texmf-dist/tex/latex/hycolor/hycolor.sty
Package: hycolor 2020-01-27 v1.10 Color options for hyperref/bookmark (HO)
)
(/usr/share/texlive/texmf-dist/tex/latex/letltxmacro/letltxmacro.sty
Package: letltxmacro 2019/12/03 v1.6 Let assignment for LaTeX macros (HO)
)
(/usr/share/texlive/texmf-dist/tex/latex/auxhook/auxhook.sty
Package: auxhook 2019-12-17 v1.6 Hooks for auxiliary files (HO)
)
(/usr/share/texlive/texmf-dist/tex/latex/hyperref/nameref.sty
Package: nameref 2022-05-17 v2.50 Cross-referencing by name of section

(/usr/share/texlive/texmf-dist/tex/latex/refcount/refcount.sty
Package: refcount 2019/12/15 v3.6 Data extraction from label references (HO)
)
(/usr/share/texlive/texmf-dist/tex/generic/gettitlestring/gettitlestring.sty
Package: gettitlestring 2019/12/15 v1.6 Cleanup title references (HO)
)
\c@section@level=\count274
)
\@linkdim=\dimen151
\Hy@linkcounter=\count275
\Hy@pagecounter=\count276

(/usr/share/texlive/texmf-dist/tex/latex/hyperref/pd1enc.def
File: pd1enc.def 2022-11-13 v7.00u Hyperref: PDFDocEncoding definition (HO)
Now handling font encoding PD1 ...
... no UTF-8 mapping file for font encoding PD1
)
(/usr/share/texlive/texmf-dist/tex/generic/intcalc/intcalc.sty
Package: intcalc 2019/12/15 v1.3 Expandable calculations with integers (HO)
)
(/usr/share/texlive/texmf-dist/tex/generic/etexcmds/etexcmds.sty
Package: etexcmds 2019/12/15 v1.7 Avoid name clashes with e-TeX commands (HO)
)
\Hy@SavedSpaceFactor=\count277

(/usr/share/texlive/texmf-dist/tex/latex/hyperref/puenc.def
File: puenc.def 2022-11-13 v7.00u Hyperref: PDF Unicode definition (HO)
Now handling font encoding PU ...
... no UTF-8 mapping file for font encoding PU
)
Package hyperref Info: Option `unicode' set `true' on input line 4045.
Package hyperref Info: Hyper figures OFF on input line 4162.
Package hyperref Info: Link nesting OFF on input line 4167.
Package hyperref Info: Hyper index ON on input line 4170.
Package hyperref Info: Plain pages OFF on input line 4177.
Package hyperref Info: Backreferencing OFF on input line 4182.
Package hyperref Info: Implicit mode ON; LaTeX internals redefined.
Package hyperref Info: Bookmarks ON on input line 4410.
\c@Hy@tempcnt=\count278
LaTeX Info: Redefining \url on input line 4748.
\XeTeXLinkMargin=\dimen152

(/usr/share/texlive/texmf-dist/tex/generic/bitset/bitset.sty
Package: bitset 2019/12/09 v1.3 Handle bit-vector datatype (HO)

(/usr/share/texlive/texmf-dist/tex/generic/bigintcalc/bigintcalc.sty
Package: bigintcalc 2019/12/15 v1.5 Expandable calculations on big integers (HO
)
))
\Fld@menulength=\count279
\Field@Width=\dimen153
\Fld@charsize=\dimen154
Package hyperref Info: Hyper figures OFF on input line 6027.
Package hyperref Info: Link nesting OFF on input line 6032.
Package hyperref Info: Hyper index ON on input line 6035.
Package hyperref Info: backreferencing OFF on input line 6042.
Package hyperref Info: Link coloring OFF on input line 6047.
Package hyperref Info: Link coloring with OCG OFF on input line 6052.
Package hyperref Info: PDF/A mode OFF on input line 6057.

(/usr/share/texlive/texmf-dist/tex/latex/base/atbegshi-ltx.sty
Package: atbegshi-ltx 2021/01/10 v1.0c Emulation of the original atbegshi
package with kernel methods
)
\Hy@abspage=\count280
\c@Item=\count281
\c@Hfootnote=\count282
)
Package hyperref Info: Driver (autodetected): hpdftex.

(/usr/share/texlive/texmf-dist/tex/latex/hyperref/hpdftex.def
File: hpdftex.def 2022-11-13 v7.00u Hyperref driver for pdfTeX

(/usr/share/texlive/texmf-dist/tex/latex/base/atveryend-ltx.sty
Package: atveryend-ltx 2020/08/19 v1.0a Emulation of the original atveryend pac
kage
with kernel methods
)
\Fld@listcount=\count283
\c@bookmark@seq@number=\count284

(/usr/share/texlive/texmf-dist/tex/latex/rerunfilecheck/rerunfilecheck.sty
Package: rerunfilecheck 2022-07-10 v1.10 Rerun checks for auxiliary files (HO)

(/usr/share/texlive/texmf-dist/tex/generic/uniquecounter/uniquecounter.sty
Package: uniquecounter 2019/12/15 v1.4 Provide unlimited unique counter (HO)
)
Package uniquecounter Info: New unique counter `rerunfilecheck' on input line 2
85.
)
\Hy@SectionHShift=\skip54
)
(/usr/share/texlive/texmf-dist/tex/latex/bookmark/bkm-pdftex.def
File: bkm-pdftex.def 2020-11-06 v1.29 bookmark driver for pdfTeX (HO)
\BKM@id=\count285
))
(/usr/share/texlive/texmf-dist/tex/latex/graphics/graphicx.sty
Package: graphicx 2021/09/16 v1.2d Enhanced LaTeX Graphics (DPC,SPQR)

(/usr/share/texlive/texmf-dist/tex/latex/graphics/graphics.sty
Package: graphics 2022/03/10 v1.4e Standard LaTeX Graphics (DPC,SPQR)

(/usr/share/texlive/texmf-dist/tex/latex/graphics/trig.sty
Package: trig 2021/08/11 v1.11 sin cos tan (DPC)
)
(/usr/share/texlive/texmf-dist/tex/latex/graphics-cfg/graphics.cfg
File: graphics.cfg 2016/06/04 v1.11 sample graphics configuration
)
Package graphics Info: Driver file: pdftex.def on input line 107.
)
\Gin@req@height=\dimen155
\Gin@req@width=\dimen156
)
(/usr/share/texlive/texmf-dist/tex/generic/babel/babel.sty
Package: babel 2022/12/26 3.84 The Babel package
\babel@savecnt=\count286
\U@D=\dimen157
\l@unhyphenated=\language87

(/usr/share/texlive/texmf-dist/tex/generic/babel/txtbabel.def)
\bbl@readstream=\read2
\bbl@dirlevel=\count287
Package babel Info: You haven't specified a language as a class or package
(babel)             option. I'll load 'nil'. Reported on input line 4406.

(/usr/share/texlive/texmf-dist/tex/generic/babel/nil.ldf
Language: nil 2022/12/26 3.84 Nil language
\l@nil=\language88
))
\everypar=\toks25

(/usr/share/texlive/texmf-dist/tex/generic/babel/locale/el/babel-greek.tex)
Package babel Info: Importing data for greek
(babel)             from babel-el.ini. Reported on input line 66.
Package babel Info: Hyphen rules for 'greek' set to \l@monogreek
(babel)             (\language49). Reported on input line 66.

(/usr/share/texlive/texmf-dist/tex/generic/babel/locale/el/babel-greek.tex)
(/usr/share/texlive/texmf-dist/tex/generic/babel/locale/el/babel-greek.tex)
Package babel Info: Importing data for greek
(babel)             from babel-el.ini. Reported on input line 67.


! LaTeX Error: Command \greekdate  already defined.
               Or name \end... illegal, see p.192 of the manual.

See the LaTeX manual or LaTeX Companion for explanation.
Type  H <return>  for immediate help.
 ...                                              
                                                  
l.67 \babelprovide[import]{greek}
                                 
Your command was ignored.
Type  I <command> <return>  to replace it with another command,
or  <return>  to continue without it.

Package babel Info: Hyphen rules for 'greek' set to \l@monogreek
(babel)             (\language49). Reported on input line 67.
(/usr/share/texlive/texmf-dist/tex/generic/babel/locale/el/babel-greek.tex)
(/usr/share/texlive/texmf-dist/tex/latex/l3backend/l3backend-pdftex.def
File: l3backend-pdftex.def 2023-01-16 L3 backend support: PDF output (pdfTeX)
\l__color_backend_stack_int=\count288
\l__pdf_internal_box=\box54
)
(./test.aux)
\openout1 = `test.aux'.

LaTeX Font Info:    Checking defaults for OML/cmm/m/it on input line 86.
LaTeX Font Info:    ... okay on input line 86.
LaTeX Font Info:    Checking defaults for OMS/cmsy/m/n on input line 86.
LaTeX Font Info:    ... okay on input line 86.
LaTeX Font Info:    Checking defaults for OT1/cmr/m/n on input line 86.
LaTeX Font Info:    ... okay on input line 86.
LaTeX Font Info:    Checking defaults for T1/cmr/m/n on input line 86.
LaTeX Font Info:    ... okay on input line 86.
LaTeX Font Info:    Checking defaults for TS1/cmr/m/n on input line 86.
LaTeX Font Info:    ... okay on input line 86.
LaTeX Font Info:    Checking defaults for OMX/cmex/m/n on input line 86.
LaTeX Font Info:    ... okay on input line 86.
LaTeX Font Info:    Checking defaults for U/cmr/m/n on input line 86.
LaTeX Font Info:    ... okay on input line 86.
LaTeX Font Info:    Checking defaults for PD1/pdf/m/n on input line 86.
LaTeX Font Info:    ... okay on input line 86.
LaTeX Font Info:    Checking defaults for PU/pdf/m/n on input line 86.
LaTeX Font Info:    ... okay on input line 86.
LaTeX Info: Redefining \microtypecontext on input line 86.
Package microtype Info: Applying patch `item' on input line 86.
Package microtype Info: Applying patch `toc' on input line 86.
Package microtype Info: Applying patch `eqnum' on input line 86.
Package microtype Info: Applying patch `footnote' on input line 86.
Package microtype Info: Generating PDF output.
Package microtype Info: Character protrusion enabled (level 2).
Package microtype Info: Using protrusion set `basicmath'.
Package microtype Info: Automatic font expansion enabled (level 2),
(microtype)             stretch: 20, shrink: 20, step: 1, non-selected.
Package microtype Info: Using default expansion set `alltext-nott'.
LaTeX Info: Redefining \showhyphens on input line 86.
Package microtype Info: No adjustment of tracking.
Package microtype Info: No adjustment of interword spacing.
Package microtype Info: No adjustment of character kerning.
 (/usr/share/texlive/texmf-dist/tex/latex/microtype/mt-cmr.cfg
File: mt-cmr.cfg 2013/05/19 v2.2 microtype config. file: Computer Modern Roman 
(RS)
)
(/usr/share/texlive/texmf-dist/tex/context/base/mkii/supp-pdf.mkii
[Loading MPS to PDF converter (version 2006.09.02).]
\scratchcounter=\count289
\scratchdimen=\dimen158
\scratchbox=\box55
\nofMPsegments=\count290
\nofMParguments=\count291
\everyMPshowfont=\toks26
\MPscratchCnt=\count292
\MPscratchDim=\dimen159
\MPnumerator=\count293
\makeMPintoPDFobject=\count294
\everyMPtoPDFconversion=\toks27
) (/usr/share/texlive/texmf-dist/tex/latex/epstopdf-pkg/epstopdf-base.sty
Package: epstopdf-base 2020-01-24 v2.11 Base part for package epstopdf

(/usr/share/texlive/texmf-dist/tex/latex/grfext/grfext.sty
Package: grfext 2019/12/03 v1.3 Manage graphics extensions (HO)
)
Package epstopdf-base Info: Redefining graphics rule for `.eps' on input line 4
85.
Package grfext Info: Graphics extension search list:
(grfext)             [.pdf,.png,.jpg,.mps,.jpeg,.jbig2,.jb2,.PDF,.PNG,.JPG,.JPE
G,.JBIG2,.JB2,.eps]
(grfext)             \AppendGraphicsExtensions on input line 504.

(/usr/share/texlive/texmf-dist/tex/latex/latexconfig/epstopdf-sys.cfg
File: epstopdf-sys.cfg 2010/07/13 v1.3 Configuration of (r)epstopdf for TeX Liv
e
))
Package hyperref Info: Link coloring OFF on input line 86.


! LaTeX Error: Unicode character Τ (U+03A4)
               not set up for use with LaTeX.

See the LaTeX manual or LaTeX Companion for explanation.
Type  H <return>  for immediate help.
 ...                                              
                                                  
l.88 
     
You may provide a definition with
\DeclareUnicodeCharacter 


! LaTeX Error: Unicode character α (U+03B1)
               not set up for use with LaTeX.

See the LaTeX manual or LaTeX Companion for explanation.
Type  H <return>  for immediate help.
 ...                                              
                                                  
l.88 
     
You may provide a definition with
\DeclareUnicodeCharacter 


! LaTeX Error: Unicode character Ο (U+039F)
               not set up for use with LaTeX.

See the LaTeX manual or LaTeX Companion for explanation.
Type  H <return>  for immediate help.
 ...                                              
                                                  
l.88 
     
You may provide a definition with
\DeclareUnicodeCharacter 


! LaTeX Error: Unicode character λ (U+03BB)
               not set up for use with LaTeX.

See the LaTeX manual or LaTeX Companion for explanation.
Type  H <return>  for immediate help.
 ...                                              
                                                  
l.88 
     
You may provide a definition with
\DeclareUnicodeCharacter 


! LaTeX Error: Unicode character υ (U+03C5)
               not set up for use with LaTeX.

See the LaTeX manual or LaTeX Companion for explanation.
Type  H <return>  for immediate help.
 ...                                              
                                                  
l.88 
     
You may provide a definition with
\DeclareUnicodeCharacter 


! LaTeX Error: Unicode character μ (U+03BC)
               not set up for use with LaTeX.

See the LaTeX manual or LaTeX Companion for explanation.
Type  H <return>  for immediate help.
 ...                                              
                                                  
l.88 
     
You may provide a definition with
\DeclareUnicodeCharacter 


! LaTeX Error: Unicode character π (U+03C0)
               not set up for use with LaTeX.

See the LaTeX manual or LaTeX Companion for explanation.
Type  H <return>  for immediate help.
 ...                                              
                                                  
l.88 
     
You may provide a definition with
\DeclareUnicodeCharacter 


! LaTeX Error: Unicode character ι (U+03B9)
               not set up for use with LaTeX.

See the LaTeX manual or LaTeX Companion for explanation.
Type  H <return>  for immediate help.
 ...                                              
                                                  
l.88 
     
You may provide a definition with
\DeclareUnicodeCharacter 


! LaTeX Error: Unicode character α (U+03B1)
               not set up for use with LaTeX.

See the LaTeX manual or LaTeX Companion for explanation.
Type  H <return>  for immediate help.
 ...                                              
                                                  
l.88 
     
You may provide a definition with
\DeclareUnicodeCharacter 


! LaTeX Error: Unicode character κ (U+03BA)
               not set up for use with LaTeX.

See the LaTeX manual or LaTeX Companion for explanation.
Type  H <return>  for immediate help.
 ...                                              
                                                  
l.88 
     
You may provide a definition with
\DeclareUnicodeCharacter 


! LaTeX Error: Unicode character ά (U+03AC)
               not set up for use with LaTeX.

See the LaTeX manual or LaTeX Companion for explanation.
Type  H <return>  for immediate help.
 ...                                              
                                                  
l.88 
     
You may provide a definition with
\DeclareUnicodeCharacter 


! LaTeX Error: Unicode character Υ (U+03A5)
               not set up for use with LaTeX.

See the LaTeX manual or LaTeX Companion for explanation.
Type  H <return>  for immediate help.
 ...                                              
                                                  
l.88 
     
You may provide a definition with
\DeclareUnicodeCharacter 


! LaTeX Error: Unicode character δ (U+03B4)
               not set up for use with LaTeX.

See the LaTeX manual or LaTeX Companion for explanation.
Type  H <return>  for immediate help.
 ...                                              
                                                  
l.88 
     
You may provide a definition with
\DeclareUnicodeCharacter 


! LaTeX Error: Unicode character ρ (U+03C1)
               not set up for use with LaTeX.

See the LaTeX manual or LaTeX Companion for explanation.
Type  H <return>  for immediate help.
 ...                                              
                                                  
l.88 
     
You may provide a definition with
\DeclareUnicodeCharacter 


! LaTeX Error: Unicode character ο (U+03BF)
               not set up for use with LaTeX.

See the LaTeX manual or LaTeX Companion for explanation.
Type  H <return>  for immediate help.
 ...                                              
                                                  
l.88 
     
You may provide a definition with
\DeclareUnicodeCharacter 


! LaTeX Error: Unicode character θ (U+03B8)
               not set up for use with LaTeX.

See the LaTeX manual or LaTeX Companion for explanation.
Type  H <return>  for immediate help.
 ...                                              
                                                  
l.88 
     
You may provide a definition with
\DeclareUnicodeCharacter 


! LaTeX Error: Unicode character ε (U+03B5)
               not set up for use with LaTeX.

See the LaTeX manual or LaTeX Companion for explanation.
Type  H <return>  for immediate help.
 ...                                              
                                                  
l.88 
     
You may provide a definition with
\DeclareUnicodeCharacter 


! LaTeX Error: Unicode character ρ (U+03C1)
               not set up for use with LaTeX.

See the LaTeX manual or LaTeX Companion for explanation.
Type  H <return>  for immediate help.
 ...                                              
                                                  
l.88 
     
You may provide a definition with
\DeclareUnicodeCharacter 


! LaTeX Error: Unicode character μ (U+03BC)
               not set up for use with LaTeX.

See the LaTeX manual or LaTeX Companion for explanation.
Type  H <return>  for immediate help.
 ...                                              
                                                  
l.88 
     
You may provide a definition with
\DeclareUnicodeCharacter 


! LaTeX Error: Unicode character ι (U+03B9)
               not set up for use with LaTeX.

See the LaTeX manual or LaTeX Companion for explanation.
Type  H <return>  for immediate help.
 ...                                              
                                                  
l.88 
     
You may provide a definition with
\DeclareUnicodeCharacter 


! LaTeX Error: Unicode character κ (U+03BA)
               not set up for use with LaTeX.

See the LaTeX manual or LaTeX Companion for explanation.
Type  H <return>  for immediate help.
 ...                                              
                                                  
l.88 
     
You may provide a definition with
\DeclareUnicodeCharacter 


! LaTeX Error: Unicode character έ (U+03AD)
               not set up for use with LaTeX.

See the LaTeX manual or LaTeX Companion for explanation.
Type  H <return>  for immediate help.
 ...                                              
                                                  
l.88 
     
You may provide a definition with
\DeclareUnicodeCharacter 


! LaTeX Error: Unicode character ς (U+03C2)
               not set up for use with LaTeX.

See the LaTeX manual or LaTeX Companion for explanation.
Type  H <return>  for immediate help.
 ...                                              
                                                  
l.88 
     
You may provide a definition with
\DeclareUnicodeCharacter 


! LaTeX Error: Unicode character Σ (U+03A3)
               not set up for use with LaTeX.

See the LaTeX manual or LaTeX Companion for explanation.
Type  H <return>  for immediate help.
 ...                                              
                                                  
l.88 
     
You may provide a definition with
\DeclareUnicodeCharacter 


! LaTeX Error: Unicode character υ (U+03C5)
               not set up for use with LaTeX.

See the LaTeX manual or LaTeX Companion for explanation.
Type  H <return>  for immediate help.
 ...                                              
                                                  
l.88 
     
You may provide a definition with
\DeclareUnicodeCharacter 


! LaTeX Error: Unicode character ν (U+03BD)
               not set up for use with LaTeX.

See the LaTeX manual or LaTeX Companion for explanation.
Type  H <return>  for immediate help.
 ...                                              
                                                  
l.88 
     
You may provide a definition with
\DeclareUnicodeCharacter 


! LaTeX Error: Unicode character α (U+03B1)
               not set up for use with LaTeX.

See the LaTeX manual or LaTeX Companion for explanation.
Type  H <return>  for immediate help.
 ...                                              
                                                  
l.88 
     
You may provide a definition with
\DeclareUnicodeCharacter 


! LaTeX Error: Unicode character ρ (U+03C1)
               not set up for use with LaTeX.

See the LaTeX manual or LaTeX Companion for explanation.
Type  H <return>  for immediate help.
 ...                                              
                                                  
l.88 
     
You may provide a definition with
\DeclareUnicodeCharacter 


! LaTeX Error: Unicode character τ (U+03C4)
               not set up for use with LaTeX.

See the LaTeX manual or LaTeX Companion for explanation.
Type  H <return>  for immediate help.
 ...                                              
                                                  
l.88 
     
You may provide a definition with
\DeclareUnicodeCharacter 


! LaTeX Error: Unicode character ή (U+03AE)
               not set up for use with LaTeX.

See the LaTeX manual or LaTeX Companion for explanation.
Type  H <return>  for immediate help.
 ...                                              
                                                  
l.88 
     
You may provide a definition with
\DeclareUnicodeCharacter 


! LaTeX Error: Unicode character σ (U+03C3)
               not set up for use with LaTeX.

See the LaTeX manual or LaTeX Companion for explanation.
Type  H <return>  for immediate help.
 ...                                              
                                                  
l.88 
     
You may provide a definition with
\DeclareUnicodeCharacter 


! LaTeX Error: Unicode character ε (U+03B5)
               not set up for use with LaTeX.

See the LaTeX manual or LaTeX Companion for explanation.
Type  H <return>  for immediate help.
 ...                                              
                                                  
l.88 
     
You may provide a definition with
\DeclareUnicodeCharacter 


! LaTeX Error: Unicode character ι (U+03B9)
               not set up for use with LaTeX.

See the LaTeX manual or LaTeX Companion for explanation.
Type  H <return>  for immediate help.
 ...                                              
                                                  
l.88 
     
You may provide a definition with
\DeclareUnicodeCharacter 


! LaTeX Error: Unicode character ς (U+03C2)
               not set up for use with LaTeX.

See the LaTeX manual or LaTeX Companion for explanation.
Type  H <return>  for immediate help.
 ...                                              
                                                  
l.88 
     
You may provide a definition with
\DeclareUnicodeCharacter 

LaTeX Font Info:    Trying to load font information for OT1+lmr on input line 8
8.
(/usr/share/texmf/tex/latex/lm/ot1lmr.fd
File: ot1lmr.fd 2015/05/01 v1.6.1 Font defs for Latin Modern
)
LaTeX Font Info:    Trying to load font information for OML+lmm on input line 8
8.

(/usr/share/texmf/tex/latex/lm/omllmm.fd
File: omllmm.fd 2015/05/01 v1.6.1 Font defs for Latin Modern
)
LaTeX Font Info:    Trying to load font information for OMS+lmsy on input line 
88.

(/usr/share/texmf/tex/latex/lm/omslmsy.fd
File: omslmsy.fd 2015/05/01 v1.6.1 Font defs for Latin Modern
)
LaTeX Font Info:    Trying to load font information for OMX+lmex on input line 
88.

(/usr/share/texmf/tex/latex/lm/omxlmex.fd
File: omxlmex.fd 2015/05/01 v1.6.1 Font defs for Latin Modern
)
LaTeX Font Info:    External font `lmex10' loaded for size
(Font)              <12> on input line 88.
LaTeX Font Info:    External font `lmex10' loaded for size
(Font)              <8> on input line 88.
LaTeX Font Info:    External font `lmex10' loaded for size
(Font)              <6> on input line 88.
LaTeX Font Info:    Trying to load font information for U+msa on input line 88.


(/usr/share/texlive/texmf-dist/tex/latex/amsfonts/umsa.fd
File: umsa.fd 2013/01/14 v3.01 AMS symbols A
)
(/usr/share/texlive/texmf-dist/tex/latex/microtype/mt-msa.cfg
File: mt-msa.cfg 2006/02/04 v1.1 microtype config. file: AMS symbols (a) (RS)
)
LaTeX Font Info:    Trying to load font information for U+msb on input line 88.


(/usr/share/texlive/texmf-dist/tex/latex/amsfonts/umsb.fd
File: umsb.fd 2013/01/14 v3.01 AMS symbols B
)
(/usr/share/texlive/texmf-dist/tex/latex/microtype/mt-msb.cfg
File: mt-msb.cfg 2005/06/01 v1.0 microtype config. file: AMS symbols (b) (RS)
)

LaTeX Warning: File `https://aftermathsgr.wordpress.com/wp-content/uploads/2021
/09/aftermaths_logo_transparent.png' not found on input line 91.


! Package pdftex.def Error: File `https://aftermathsgr.wordpress.com/wp-content
/uploads/2021/09/aftermaths_logo_transparent.png' not found: using draft settin
g.

See the pdftex.def package documentation for explanation.
Type  H <return>  for immediate help.
 ...                                              
                                                  
l.91 .../2021/09/aftermaths_logo_transparent.png}}
                                                  
Try typing  <return>  to proceed.
If that doesn't work, type  X <return>  to quit.

LaTeX Font Info:    Trying to load font information for T1+lmtt on input line 9
1.
(/usr/share/texmf/tex/latex/lm/t1lmtt.fd
File: t1lmtt.fd 2015/05/01 v1.6.1 Font defs for Latin Modern
)
Overfull \hbox (31.50948pt too wide) in paragraph at lines 91--92
[][][][] 
 []


! LaTeX Error: Unicode character Έ (U+0388)
               not set up for use with LaTeX.

See the LaTeX manual or LaTeX Companion for explanation.
Type  H <return>  for immediate help.
 ...                                              
                                                  
l.98 ...3b9-ux3ccux3c7ux3b9-ux3bcux3ccux3bdux3bf}}
                                                  
You may provide a definition with
\DeclareUnicodeCharacter 


! LaTeX Error: Unicode character ν (U+03BD)
               not set up for use with LaTeX.

See the LaTeX manual or LaTeX Companion for explanation.
Type  H <return>  for immediate help.
 ...                                              
                                                  
l.98 ...3b9-ux3ccux3c7ux3b9-ux3bcux3ccux3bdux3bf}}
                                                  
You may provide a definition with
\DeclareUnicodeCharacter 


! LaTeX Error: Unicode character α (U+03B1)
               not set up for use with LaTeX.

See the LaTeX manual or LaTeX Companion for explanation.
Type  H <return>  for immediate help.
 ...                                              
                                                  
l.98 ...3b9-ux3ccux3c7ux3b9-ux3bcux3ccux3bdux3bf}}
                                                  
You may provide a definition with
\DeclareUnicodeCharacter 


! LaTeX Error: Unicode character μ (U+03BC)
               not set up for use with LaTeX.

See the LaTeX manual or LaTeX Companion for explanation.
Type  H <return>  for immediate help.
 ...                                              
                                                  
l.98 ...3b9-ux3ccux3c7ux3b9-ux3bcux3ccux3bdux3bf}}
                                                  
You may provide a definition with
\DeclareUnicodeCharacter 


! LaTeX Error: Unicode character α (U+03B1)
               not set up for use with LaTeX.

See the LaTeX manual or LaTeX Companion for explanation.
Type  H <return>  for immediate help.
 ...                                              
                                                  
l.98 ...3b9-ux3ccux3c7ux3b9-ux3bcux3ccux3bdux3bf}}
                                                  
You may provide a definition with
\DeclareUnicodeCharacter 


! LaTeX Error: Unicode character θ (U+03B8)
               not set up for use with LaTeX.

See the LaTeX manual or LaTeX Companion for explanation.
Type  H <return>  for immediate help.
 ...                                              
                                                  
l.98 ...3b9-ux3ccux3c7ux3b9-ux3bcux3ccux3bdux3bf}}
                                                  
You may provide a definition with
\DeclareUnicodeCharacter 


! LaTeX Error: Unicode character η (U+03B7)
               not set up for use with LaTeX.

See the LaTeX manual or LaTeX Companion for explanation.
Type  H <return>  for immediate help.
 ...                                              
                                                  
l.98 ...3b9-ux3ccux3c7ux3b9-ux3bcux3ccux3bdux3bf}}
                                                  
You may provide a definition with
\DeclareUnicodeCharacter 


! LaTeX Error: Unicode character μ (U+03BC)
               not set up for use with LaTeX.

See the LaTeX manual or LaTeX Companion for explanation.
Type  H <return>  for immediate help.
 ...                                              
                                                  
l.98 ...3b9-ux3ccux3c7ux3b9-ux3bcux3ccux3bdux3bf}}
                                                  
You may provide a definition with
\DeclareUnicodeCharacter 


! LaTeX Error: Unicode character α (U+03B1)
               not set up for use with LaTeX.

See the LaTeX manual or LaTeX Companion for explanation.
Type  H <return>  for immediate help.
 ...                                              
                                                  
l.98 ...3b9-ux3ccux3c7ux3b9-ux3bcux3ccux3bdux3bf}}
                                                  
You may provide a definition with
\DeclareUnicodeCharacter 


! LaTeX Error: Unicode character τ (U+03C4)
               not set up for use with LaTeX.

See the LaTeX manual or LaTeX Companion for explanation.
Type  H <return>  for immediate help.
 ...                                              
                                                  
l.98 ...3b9-ux3ccux3c7ux3b9-ux3bcux3ccux3bdux3bf}}
                                                  
You may provide a definition with
\DeclareUnicodeCharacter 


! LaTeX Error: Unicode character ι (U+03B9)
               not set up for use with LaTeX.

See the LaTeX manual or LaTeX Companion for explanation.
Type  H <return>  for immediate help.
 ...                                              
                                                  
l.98 ...3b9-ux3ccux3c7ux3b9-ux3bcux3ccux3bdux3bf}}
                                                  
You may provide a definition with
\DeclareUnicodeCharacter 


! LaTeX Error: Unicode character κ (U+03BA)
               not set up for use with LaTeX.

See the LaTeX manual or LaTeX Companion for explanation.
Type  H <return>  for immediate help.
 ...                                              
                                                  
l.98 ...3b9-ux3ccux3c7ux3b9-ux3bcux3ccux3bdux3bf}}
                                                  
You may provide a definition with
\DeclareUnicodeCharacter 


! LaTeX Error: Unicode character ώ (U+03CE)
               not set up for use with LaTeX.

See the LaTeX manual or LaTeX Companion for explanation.
Type  H <return>  for immediate help.
 ...                                              
                                                  
l.98 ...3b9-ux3ccux3c7ux3b9-ux3bcux3ccux3bdux3bf}}
                                                  
You may provide a definition with
\DeclareUnicodeCharacter 


! LaTeX Error: Unicode character ν (U+03BD)
               not set up for use with LaTeX.

See the LaTeX manual or LaTeX Companion for explanation.
Type  H <return>  for immediate help.
 ...                                              
                                                  
l.98 ...3b9-ux3ccux3c7ux3b9-ux3bcux3ccux3bdux3bf}}
                                                  
You may provide a definition with
\DeclareUnicodeCharacter 


! LaTeX Error: Unicode character κ (U+03BA)
               not set up for use with LaTeX.

See the LaTeX manual or LaTeX Companion for explanation.
Type  H <return>  for immediate help.
 ...                                              
                                                  
l.98 ...3b9-ux3ccux3c7ux3b9-ux3bcux3ccux3bdux3bf}}
                                                  
You may provide a definition with
\DeclareUnicodeCharacter 


! LaTeX Error: Unicode character α (U+03B1)
               not set up for use with LaTeX.

See the LaTeX manual or LaTeX Companion for explanation.
Type  H <return>  for immediate help.
 ...                                              
                                                  
l.98 ...3b9-ux3ccux3c7ux3b9-ux3bcux3ccux3bdux3bf}}
                                                  
You may provide a definition with
\DeclareUnicodeCharacter 


! LaTeX Error: Unicode character ι (U+03B9)
               not set up for use with LaTeX.

See the LaTeX manual or LaTeX Companion for explanation.
Type  H <return>  for immediate help.
 ...                                              
                                                  
l.98 ...3b9-ux3ccux3c7ux3b9-ux3bcux3ccux3bdux3bf}}
                                                  
You may provide a definition with
\DeclareUnicodeCharacter 


! LaTeX Error: Unicode character ό (U+03CC)
               not set up for use with LaTeX.

See the LaTeX manual or LaTeX Companion for explanation.
Type  H <return>  for immediate help.
 ...                                              
                                                  
l.98 ...3b9-ux3ccux3c7ux3b9-ux3bcux3ccux3bdux3bf}}
                                                  
You may provide a definition with
\DeclareUnicodeCharacter 


! LaTeX Error: Unicode character χ (U+03C7)
               not set up for use with LaTeX.

See the LaTeX manual or LaTeX Companion for explanation.
Type  H <return>  for immediate help.
 ...                                              
                                                  
l.98 ...3b9-ux3ccux3c7ux3b9-ux3bcux3ccux3bdux3bf}}
                                                  
You may provide a definition with
\DeclareUnicodeCharacter 


! LaTeX Error: Unicode character ι (U+03B9)
               not set up for use with LaTeX.

See the LaTeX manual or LaTeX Companion for explanation.
Type  H <return>  for immediate help.
 ...                                              
                                                  
l.98 ...3b9-ux3ccux3c7ux3b9-ux3bcux3ccux3bdux3bf}}
                                                  
You may provide a definition with
\DeclareUnicodeCharacter 


! LaTeX Error: Unicode character μ (U+03BC)
               not set up for use with LaTeX.

See the LaTeX manual or LaTeX Companion for explanation.
Type  H <return>  for immediate help.
 ...                                              
                                                  
l.98 ...3b9-ux3ccux3c7ux3b9-ux3bcux3ccux3bdux3bf}}
                                                  
You may provide a definition with
\DeclareUnicodeCharacter 


! LaTeX Error: Unicode character ό (U+03CC)
               not set up for use with LaTeX.

See the LaTeX manual or LaTeX Companion for explanation.
Type  H <return>  for immediate help.
 ...                                              
                                                  
l.98 ...3b9-ux3ccux3c7ux3b9-ux3bcux3ccux3bdux3bf}}
                                                  
You may provide a definition with
\DeclareUnicodeCharacter 


! LaTeX Error: Unicode character ν (U+03BD)
               not set up for use with LaTeX.

See the LaTeX manual or LaTeX Companion for explanation.
Type  H <return>  for immediate help.
 ...                                              
                                                  
l.98 ...3b9-ux3ccux3c7ux3b9-ux3bcux3ccux3bdux3bf}}
                                                  
You may provide a definition with
\DeclareUnicodeCharacter 


! LaTeX Error: Unicode character ο (U+03BF)
               not set up for use with LaTeX.

See the LaTeX manual or LaTeX Companion for explanation.
Type  H <return>  for immediate help.
 ...                                              
                                                  
l.98 ...3b9-ux3ccux3c7ux3b9-ux3bcux3ccux3bdux3bf}}
                                                  
You may provide a definition with
\DeclareUnicodeCharacter 


! LaTeX Error: Unicode character Μ (U+039C)
               not set up for use with LaTeX.

See the LaTeX manual or LaTeX Companion for explanation.
Type  H <return>  for immediate help.
 ...                                              
                                                  
l.100 {Μ
         ενού} \protect\hyperlink{content}{Μετάβαση στο πε�...

You may provide a definition with
\DeclareUnicodeCharacter 


! LaTeX Error: Unicode character ε (U+03B5)
               not set up for use with LaTeX.

See the LaTeX manual or LaTeX Companion for explanation.
Type  H <return>  for immediate help.
 ...                                              
                                                  
l.100 {Με
           νού} \protect\hyperlink{content}{Μετάβαση στο πε�...

You may provide a definition with
\DeclareUnicodeCharacter 


! LaTeX Error: Unicode character ν (U+03BD)
               not set up for use with LaTeX.

See the LaTeX manual or LaTeX Companion for explanation.
Type  H <return>  for immediate help.
 ...                                              
                                                  
l.100 {Μεν
             ού} \protect\hyperlink{content}{Μετάβαση στο πε�...

You may provide a definition with
\DeclareUnicodeCharacter 


! LaTeX Error: Unicode character ο (U+03BF)
               not set up for use with LaTeX.

See the LaTeX manual or LaTeX Companion for explanation.
Type  H <return>  for immediate help.
 ...                                              
                                                  
l.100 {Μενο
               ύ} \protect\hyperlink{content}{Μετάβαση στο πε�...

You may provide a definition with
\DeclareUnicodeCharacter 


! LaTeX Error: Unicode character ύ (U+03CD)
               not set up for use with LaTeX.

See the LaTeX manual or LaTeX Companion for explanation.
Type  H <return>  for immediate help.
 ...                                              
                                                  
l.100 {Μενού
                 } \protect\hyperlink{content}{Μετάβαση στο πε�...

You may provide a definition with
\DeclareUnicodeCharacter 


! LaTeX Error: Unicode character Μ (U+039C)
               not set up for use with LaTeX.

See the LaTeX manual or LaTeX Companion for explanation.
Type  H <return>  for immediate help.
 ...                                              
                                                  
l.100 ...άβαση στο περιεχόμενο}
                                                  
You may provide a definition with
\DeclareUnicodeCharacter 


! LaTeX Error: Unicode character ε (U+03B5)
               not set up for use with LaTeX.

See the LaTeX manual or LaTeX Companion for explanation.
Type  H <return>  for immediate help.
 ...                                              
                                                  
l.100 ...άβαση στο περιεχόμενο}
                                                  
You may provide a definition with
\DeclareUnicodeCharacter 


! LaTeX Error: Unicode character τ (U+03C4)
               not set up for use with LaTeX.

See the LaTeX manual or LaTeX Companion for explanation.
Type  H <return>  for immediate help.
 ...                                              
                                                  
l.100 ...άβαση στο περιεχόμενο}
                                                  
You may provide a definition with
\DeclareUnicodeCharacter 


! LaTeX Error: Unicode character ά (U+03AC)
               not set up for use with LaTeX.

See the LaTeX manual or LaTeX Companion for explanation.
Type  H <return>  for immediate help.
 ...                                              
                                                  
l.100 ...άβαση στο περιεχόμενο}
                                                  
You may provide a definition with
\DeclareUnicodeCharacter 


! LaTeX Error: Unicode character β (U+03B2)
               not set up for use with LaTeX.

See the LaTeX manual or LaTeX Companion for explanation.
Type  H <return>  for immediate help.
 ...                                              
                                                  
l.100 ...άβαση στο περιεχόμενο}
                                                  
You may provide a definition with
\DeclareUnicodeCharacter 


! LaTeX Error: Unicode character α (U+03B1)
               not set up for use with LaTeX.

See the LaTeX manual or LaTeX Companion for explanation.
Type  H <return>  for immediate help.
 ...                                              
                                                  
l.100 ...άβαση στο περιεχόμενο}
                                                  
You may provide a definition with
\DeclareUnicodeCharacter 


! LaTeX Error: Unicode character σ (U+03C3)
               not set up for use with LaTeX.

See the LaTeX manual or LaTeX Companion for explanation.
Type  H <return>  for immediate help.
 ...                                              
                                                  
l.100 ...άβαση στο περιεχόμενο}
                                                  
You may provide a definition with
\DeclareUnicodeCharacter 


! LaTeX Error: Unicode character η (U+03B7)
               not set up for use with LaTeX.

See the LaTeX manual or LaTeX Companion for explanation.
Type  H <return>  for immediate help.
 ...                                              
                                                  
l.100 ...άβαση στο περιεχόμενο}
                                                  
You may provide a definition with
\DeclareUnicodeCharacter 


! LaTeX Error: Unicode character σ (U+03C3)
               not set up for use with LaTeX.

See the LaTeX manual or LaTeX Companion for explanation.
Type  H <return>  for immediate help.
 ...                                              
                                                  
l.100 ...άβαση στο περιεχόμενο}
                                                  
You may provide a definition with
\DeclareUnicodeCharacter 


! LaTeX Error: Unicode character τ (U+03C4)
               not set up for use with LaTeX.

See the LaTeX manual or LaTeX Companion for explanation.
Type  H <return>  for immediate help.
 ...                                              
                                                  
l.100 ...άβαση στο περιεχόμενο}
                                                  
You may provide a definition with
\DeclareUnicodeCharacter 


! LaTeX Error: Unicode character ο (U+03BF)
               not set up for use with LaTeX.

See the LaTeX manual or LaTeX Companion for explanation.
Type  H <return>  for immediate help.
 ...                                              
                                                  
l.100 ...άβαση στο περιεχόμενο}
                                                  
You may provide a definition with
\DeclareUnicodeCharacter 


! LaTeX Error: Unicode character π (U+03C0)
               not set up for use with LaTeX.

See the LaTeX manual or LaTeX Companion for explanation.
Type  H <return>  for immediate help.
 ...                                              
                                                  
l.100 ...άβαση στο περιεχόμενο}
                                                  
You may provide a definition with
\DeclareUnicodeCharacter 


! LaTeX Error: Unicode character ε (U+03B5)
               not set up for use with LaTeX.

See the LaTeX manual or LaTeX Companion for explanation.
Type  H <return>  for immediate help.
 ...                                              
                                                  
l.100 ...άβαση στο περιεχόμενο}
                                                  
You may provide a definition with
\DeclareUnicodeCharacter 


! LaTeX Error: Unicode character ρ (U+03C1)
               not set up for use with LaTeX.

See the LaTeX manual or LaTeX Companion for explanation.
Type  H <return>  for immediate help.
 ...                                              
                                                  
l.100 ...άβαση στο περιεχόμενο}
                                                  
You may provide a definition with
\DeclareUnicodeCharacter 


! LaTeX Error: Unicode character ι (U+03B9)
               not set up for use with LaTeX.

See the LaTeX manual or LaTeX Companion for explanation.
Type  H <return>  for immediate help.
 ...                                              
                                                  
l.100 ...άβαση στο περιεχόμενο}
                                                  
You may provide a definition with
\DeclareUnicodeCharacter 


! LaTeX Error: Unicode character ε (U+03B5)
               not set up for use with LaTeX.

See the LaTeX manual or LaTeX Companion for explanation.
Type  H <return>  for immediate help.
 ...                                              
                                                  
l.100 ...άβαση στο περιεχόμενο}
                                                  
You may provide a definition with
\DeclareUnicodeCharacter 


! LaTeX Error: Unicode character χ (U+03C7)
               not set up for use with LaTeX.

See the LaTeX manual or LaTeX Companion for explanation.
Type  H <return>  for immediate help.
 ...                                              
                                                  
l.100 ...άβαση στο περιεχόμενο}
                                                  
You may provide a definition with
\DeclareUnicodeCharacter 


! LaTeX Error: Unicode character ό (U+03CC)
               not set up for use with LaTeX.

See the LaTeX manual or LaTeX Companion for explanation.
Type  H <return>  for immediate help.
 ...                                              
                                                  
l.100 ...άβαση στο περιεχόμενο}
                                                  
You may provide a definition with
\DeclareUnicodeCharacter 


! LaTeX Error: Unicode character μ (U+03BC)
               not set up for use with LaTeX.

See the LaTeX manual or LaTeX Companion for explanation.
Type  H <return>  for immediate help.
 ...                                              
                                                  
l.100 ...άβαση στο περιεχόμενο}
                                                  
You may provide a definition with
\DeclareUnicodeCharacter 


! LaTeX Error: Unicode character ε (U+03B5)
               not set up for use with LaTeX.

See the LaTeX manual or LaTeX Companion for explanation.
Type  H <return>  for immediate help.
 ...                                              
                                                  
l.100 ...άβαση στο περιεχόμενο}
                                                  
You may provide a definition with
\DeclareUnicodeCharacter 


! LaTeX Error: Unicode character ν (U+03BD)
               not set up for use with LaTeX.

See the LaTeX manual or LaTeX Companion for explanation.
Type  H <return>  for immediate help.
 ...                                              
                                                  
l.100 ...άβαση στο περιεχόμενο}
                                                  
You may provide a definition with
\DeclareUnicodeCharacter 


! LaTeX Error: Unicode character ο (U+03BF)
               not set up for use with LaTeX.

See the LaTeX manual or LaTeX Companion for explanation.
Type  H <return>  for immediate help.
 ...                                              
                                                  
l.100 ...άβαση στο περιεχόμενο}
                                                  
You may provide a definition with
\DeclareUnicodeCharacter 

[1

{/var/lib/texmf/fonts/map/pdftex/updmap/pdftex.map}]
LaTeX Font Info:    Trying to load font information for TS1+lmr on input line 1
05.

(/usr/share/texmf/tex/latex/lm/ts1lmr.fd
File: ts1lmr.fd 2015/05/01 v1.6.1 Font defs for Latin Modern
)

! LaTeX Error: Unicode character Α (U+0391)
               not set up for use with LaTeX.

See the LaTeX manual or LaTeX Companion for explanation.
Type  H <return>  for immediate help.
 ...                                              
                                                  
l.105 ...get{menu-item-6}{}{\href{/}{Αρχική}
                                                  }
You may provide a definition with
\DeclareUnicodeCharacter 


! LaTeX Error: Unicode character ρ (U+03C1)
               not set up for use with LaTeX.

See the LaTeX manual or LaTeX Companion for explanation.
Type  H <return>  for immediate help.
 ...                                              
                                                  
l.105 ...get{menu-item-6}{}{\href{/}{Αρχική}
                                                  }
You may provide a definition with
\DeclareUnicodeCharacter 


! LaTeX Error: Unicode character χ (U+03C7)
               not set up for use with LaTeX.

See the LaTeX manual or LaTeX Companion for explanation.
Type  H <return>  for immediate help.
 ...                                              
                                                  
l.105 ...get{menu-item-6}{}{\href{/}{Αρχική}
                                                  }
You may provide a definition with
\DeclareUnicodeCharacter 


! LaTeX Error: Unicode character ι (U+03B9)
               not set up for use with LaTeX.

See the LaTeX manual or LaTeX Companion for explanation.
Type  H <return>  for immediate help.
 ...                                              
                                                  
l.105 ...get{menu-item-6}{}{\href{/}{Αρχική}
                                                  }
You may provide a definition with
\DeclareUnicodeCharacter 


! LaTeX Error: Unicode character κ (U+03BA)
               not set up for use with LaTeX.

See the LaTeX manual or LaTeX Companion for explanation.
Type  H <return>  for immediate help.
 ...                                              
                                                  
l.105 ...get{menu-item-6}{}{\href{/}{Αρχική}
                                                  }
You may provide a definition with
\DeclareUnicodeCharacter 


! LaTeX Error: Unicode character ή (U+03AE)
               not set up for use with LaTeX.

See the LaTeX manual or LaTeX Companion for explanation.
Type  H <return>  for immediate help.
 ...                                              
                                                  
l.105 ...get{menu-item-6}{}{\href{/}{Αρχική}
                                                  }
You may provide a definition with
\DeclareUnicodeCharacter 


! LaTeX Error: Unicode character Ε (U+0395)
               not set up for use with LaTeX.

See the LaTeX manual or LaTeX Companion for explanation.
Type  H <return>  for immediate help.
 ...                                              
                                                  
l.107 ...ess.com/contact/}{Επικοινωνία}
                                                  }
You may provide a definition with
\DeclareUnicodeCharacter 


! LaTeX Error: Unicode character π (U+03C0)
               not set up for use with LaTeX.

See the LaTeX manual or LaTeX Companion for explanation.
Type  H <return>  for immediate help.
 ...                                              
                                                  
l.107 ...ess.com/contact/}{Επικοινωνία}
                                                  }
You may provide a definition with
\DeclareUnicodeCharacter 


! LaTeX Error: Unicode character ι (U+03B9)
               not set up for use with LaTeX.

See the LaTeX manual or LaTeX Companion for explanation.
Type  H <return>  for immediate help.
 ...                                              
                                                  
l.107 ...ess.com/contact/}{Επικοινωνία}
                                                  }
You may provide a definition with
\DeclareUnicodeCharacter 


! LaTeX Error: Unicode character κ (U+03BA)
               not set up for use with LaTeX.

See the LaTeX manual or LaTeX Companion for explanation.
Type  H <return>  for immediate help.
 ...                                              
                                                  
l.107 ...ess.com/contact/}{Επικοινωνία}
                                                  }
You may provide a definition with
\DeclareUnicodeCharacter 


! LaTeX Error: Unicode character ο (U+03BF)
               not set up for use with LaTeX.

See the LaTeX manual or LaTeX Companion for explanation.
Type  H <return>  for immediate help.
 ...                                              
                                                  
l.107 ...ess.com/contact/}{Επικοινωνία}
                                                  }
You may provide a definition with
\DeclareUnicodeCharacter 


! LaTeX Error: Unicode character ι (U+03B9)
               not set up for use with LaTeX.

See the LaTeX manual or LaTeX Companion for explanation.
Type  H <return>  for immediate help.
 ...                                              
                                                  
l.107 ...ess.com/contact/}{Επικοινωνία}
                                                  }
You may provide a definition with
\DeclareUnicodeCharacter 


! LaTeX Error: Unicode character ν (U+03BD)
               not set up for use with LaTeX.

See the LaTeX manual or LaTeX Companion for explanation.
Type  H <return>  for immediate help.
 ...                                              
                                                  
l.107 ...ess.com/contact/}{Επικοινωνία}
                                                  }
You may provide a definition with
\DeclareUnicodeCharacter 


! LaTeX Error: Unicode character ω (U+03C9)
               not set up for use with LaTeX.

See the LaTeX manual or LaTeX Companion for explanation.
Type  H <return>  for immediate help.
 ...                                              
                                                  
l.107 ...ess.com/contact/}{Επικοινωνία}
                                                  }
You may provide a definition with
\DeclareUnicodeCharacter 


! LaTeX Error: Unicode character ν (U+03BD)
               not set up for use with LaTeX.

See the LaTeX manual or LaTeX Companion for explanation.
Type  H <return>  for immediate help.
 ...                                              
                                                  
l.107 ...ess.com/contact/}{Επικοινωνία}
                                                  }
You may provide a definition with
\DeclareUnicodeCharacter 


! LaTeX Error: Unicode character ί (U+03AF)
               not set up for use with LaTeX.

See the LaTeX manual or LaTeX Companion for explanation.
Type  H <return>  for immediate help.
 ...                                              
                                                  
l.107 ...ess.com/contact/}{Επικοινωνία}
                                                  }
You may provide a definition with
\DeclareUnicodeCharacter 


! LaTeX Error: Unicode character α (U+03B1)
               not set up for use with LaTeX.

See the LaTeX manual or LaTeX Companion for explanation.
Type  H <return>  for immediate help.
 ...                                              
                                                  
l.107 ...ess.com/contact/}{Επικοινωνία}
                                                  }
You may provide a definition with
\DeclareUnicodeCharacter 


! LaTeX Error: Unicode character Δ (U+0394)
               not set up for use with LaTeX.

See the LaTeX manual or LaTeX Companion for explanation.
Type  H <return>  for immediate help.
 ...                                              
                                                  
l.110   Υλικό}
                   }
You may provide a definition with
\DeclareUnicodeCharacter 


! LaTeX Error: Unicode character ι (U+03B9)
               not set up for use with LaTeX.

See the LaTeX manual or LaTeX Companion for explanation.
Type  H <return>  for immediate help.
 ...                                              
                                                  
l.110   Υλικό}
                   }
You may provide a definition with
\DeclareUnicodeCharacter 


! LaTeX Error: Unicode character δ (U+03B4)
               not set up for use with LaTeX.

See the LaTeX manual or LaTeX Companion for explanation.
Type  H <return>  for immediate help.
 ...                                              
                                                  
l.110   Υλικό}
                   }
You may provide a definition with
\DeclareUnicodeCharacter 


! LaTeX Error: Unicode character α (U+03B1)
               not set up for use with LaTeX.

See the LaTeX manual or LaTeX Companion for explanation.
Type  H <return>  for immediate help.
 ...                                              
                                                  
l.110   Υλικό}
                   }
You may provide a definition with
\DeclareUnicodeCharacter 


! LaTeX Error: Unicode character κ (U+03BA)
               not set up for use with LaTeX.

See the LaTeX manual or LaTeX Companion for explanation.
Type  H <return>  for immediate help.
 ...                                              
                                                  
l.110   Υλικό}
                   }
You may provide a definition with
\DeclareUnicodeCharacter 


! LaTeX Error: Unicode character τ (U+03C4)
               not set up for use with LaTeX.

See the LaTeX manual or LaTeX Companion for explanation.
Type  H <return>  for immediate help.
 ...                                              
                                                  
l.110   Υλικό}
                   }
You may provide a definition with
\DeclareUnicodeCharacter 


! LaTeX Error: Unicode character ι (U+03B9)
               not set up for use with LaTeX.

See the LaTeX manual or LaTeX Companion for explanation.
Type  H <return>  for immediate help.
 ...                                              
                                                  
l.110   Υλικό}
                   }
You may provide a definition with
\DeclareUnicodeCharacter 


! LaTeX Error: Unicode character κ (U+03BA)
               not set up for use with LaTeX.

See the LaTeX manual or LaTeX Companion for explanation.
Type  H <return>  for immediate help.
 ...                                              
                                                  
l.110   Υλικό}
                   }
You may provide a definition with
\DeclareUnicodeCharacter 


! LaTeX Error: Unicode character ό (U+03CC)
               not set up for use with LaTeX.

See the LaTeX manual or LaTeX Companion for explanation.
Type  H <return>  for immediate help.
 ...                                              
                                                  
l.110   Υλικό}
                   }
You may provide a definition with
\DeclareUnicodeCharacter 


! LaTeX Error: Unicode character Υ (U+03A5)
               not set up for use with LaTeX.

See the LaTeX manual or LaTeX Companion for explanation.
Type  H <return>  for immediate help.
 ...                                              
                                                  
l.110   Υλικό}
                   }
You may provide a definition with
\DeclareUnicodeCharacter 


! LaTeX Error: Unicode character λ (U+03BB)
               not set up for use with LaTeX.

See the LaTeX manual or LaTeX Companion for explanation.
Type  H <return>  for immediate help.
 ...                                              
                                                  
l.110   Υλικό}
                   }
You may provide a definition with
\DeclareUnicodeCharacter 


! LaTeX Error: Unicode character ι (U+03B9)
               not set up for use with LaTeX.

See the LaTeX manual or LaTeX Companion for explanation.
Type  H <return>  for immediate help.
 ...                                              
                                                  
l.110   Υλικό}
                   }
You may provide a definition with
\DeclareUnicodeCharacter 


! LaTeX Error: Unicode character κ (U+03BA)
               not set up for use with LaTeX.

See the LaTeX manual or LaTeX Companion for explanation.
Type  H <return>  for immediate help.
 ...                                              
                                                  
l.110   Υλικό}
                   }
You may provide a definition with
\DeclareUnicodeCharacter 


! LaTeX Error: Unicode character ό (U+03CC)
               not set up for use with LaTeX.

See the LaTeX manual or LaTeX Companion for explanation.
Type  H <return>  for immediate help.
 ...                                              
                                                  
l.110   Υλικό}
                   }
You may provide a definition with
\DeclareUnicodeCharacter 


! LaTeX Error: Unicode character Κ (U+039A)
               not set up for use with LaTeX.

See the LaTeX manual or LaTeX Companion for explanation.
Type  H <return>  for immediate help.
 ...                                              
                                                  
l.113   πράξεις}
                       }
You may provide a definition with
\DeclareUnicodeCharacter 


! LaTeX Error: Unicode character α (U+03B1)
               not set up for use with LaTeX.

See the LaTeX manual or LaTeX Companion for explanation.
Type  H <return>  for immediate help.
 ...                                              
                                                  
l.113   πράξεις}
                       }
You may provide a definition with
\DeclareUnicodeCharacter 


! LaTeX Error: Unicode character λ (U+03BB)
               not set up for use with LaTeX.

See the LaTeX manual or LaTeX Companion for explanation.
Type  H <return>  for immediate help.
 ...                                              
                                                  
l.113   πράξεις}
                       }
You may provide a definition with
\DeclareUnicodeCharacter 


! LaTeX Error: Unicode character έ (U+03AD)
               not set up for use with LaTeX.

See the LaTeX manual or LaTeX Companion for explanation.
Type  H <return>  for immediate help.
 ...                                              
                                                  
l.113   πράξεις}
                       }
You may provide a definition with
\DeclareUnicodeCharacter 


! LaTeX Error: Unicode character ς (U+03C2)
               not set up for use with LaTeX.

See the LaTeX manual or LaTeX Companion for explanation.
Type  H <return>  for immediate help.
 ...                                              
                                                  
l.113   πράξεις}
                       }
You may provide a definition with
\DeclareUnicodeCharacter 


! LaTeX Error: Unicode character π (U+03C0)
               not set up for use with LaTeX.

See the LaTeX manual or LaTeX Companion for explanation.
Type  H <return>  for immediate help.
 ...                                              
                                                  
l.113   πράξεις}
                       }
You may provide a definition with
\DeclareUnicodeCharacter 


! LaTeX Error: Unicode character ρ (U+03C1)
               not set up for use with LaTeX.

See the LaTeX manual or LaTeX Companion for explanation.
Type  H <return>  for immediate help.
 ...                                              
                                                  
l.113   πράξεις}
                       }
You may provide a definition with
\DeclareUnicodeCharacter 


! LaTeX Error: Unicode character ά (U+03AC)
               not set up for use with LaTeX.

See the LaTeX manual or LaTeX Companion for explanation.
Type  H <return>  for immediate help.
 ...                                              
                                                  
l.113   πράξεις}
                       }
You may provide a definition with
\DeclareUnicodeCharacter 


! LaTeX Error: Unicode character ξ (U+03BE)
               not set up for use with LaTeX.

See the LaTeX manual or LaTeX Companion for explanation.
Type  H <return>  for immediate help.
 ...                                              
                                                  
l.113   πράξεις}
                       }
You may provide a definition with
\DeclareUnicodeCharacter 


! LaTeX Error: Unicode character ε (U+03B5)
               not set up for use with LaTeX.

See the LaTeX manual or LaTeX Companion for explanation.
Type  H <return>  for immediate help.
 ...                                              
                                                  
l.113   πράξεις}
                       }
You may provide a definition with
\DeclareUnicodeCharacter 


! LaTeX Error: Unicode character ι (U+03B9)
               not set up for use with LaTeX.

See the LaTeX manual or LaTeX Companion for explanation.
Type  H <return>  for immediate help.
 ...                                              
                                                  
l.113   πράξεις}
                       }
You may provide a definition with
\DeclareUnicodeCharacter 


! LaTeX Error: Unicode character ς (U+03C2)
               not set up for use with LaTeX.

See the LaTeX manual or LaTeX Companion for explanation.
Type  H <return>  for immediate help.
 ...                                              
                                                  
l.113   πράξεις}
                       }
You may provide a definition with
\DeclareUnicodeCharacter 


! LaTeX Error: Unicode character Π (U+03A0)
               not set up for use with LaTeX.

See the LaTeX manual or LaTeX Companion for explanation.
Type  H <return>  for immediate help.
 ...                                              
                                                  
l.117 ...%ce\%b5\%cf\%82/}{Πανελλήνιες}
                                                  }
You may provide a definition with
\DeclareUnicodeCharacter 


! LaTeX Error: Unicode character α (U+03B1)
               not set up for use with LaTeX.

See the LaTeX manual or LaTeX Companion for explanation.
Type  H <return>  for immediate help.
 ...                                              
                                                  
l.117 ...%ce\%b5\%cf\%82/}{Πανελλήνιες}
                                                  }
You may provide a definition with
\DeclareUnicodeCharacter 


! LaTeX Error: Unicode character ν (U+03BD)
               not set up for use with LaTeX.

See the LaTeX manual or LaTeX Companion for explanation.
Type  H <return>  for immediate help.
 ...                                              
                                                  
l.117 ...%ce\%b5\%cf\%82/}{Πανελλήνιες}
                                                  }
You may provide a definition with
\DeclareUnicodeCharacter 


! LaTeX Error: Unicode character ε (U+03B5)
               not set up for use with LaTeX.

See the LaTeX manual or LaTeX Companion for explanation.
Type  H <return>  for immediate help.
 ...                                              
                                                  
l.117 ...%ce\%b5\%cf\%82/}{Πανελλήνιες}
                                                  }
You may provide a definition with
\DeclareUnicodeCharacter 


! LaTeX Error: Unicode character λ (U+03BB)
               not set up for use with LaTeX.

See the LaTeX manual or LaTeX Companion for explanation.
Type  H <return>  for immediate help.
 ...                                              
                                                  
l.117 ...%ce\%b5\%cf\%82/}{Πανελλήνιες}
                                                  }
You may provide a definition with
\DeclareUnicodeCharacter 


! LaTeX Error: Unicode character λ (U+03BB)
               not set up for use with LaTeX.

See the LaTeX manual or LaTeX Companion for explanation.
Type  H <return>  for immediate help.
 ...                                              
                                                  
l.117 ...%ce\%b5\%cf\%82/}{Πανελλήνιες}
                                                  }
You may provide a definition with
\DeclareUnicodeCharacter 


! LaTeX Error: Unicode character ή (U+03AE)
               not set up for use with LaTeX.

See the LaTeX manual or LaTeX Companion for explanation.
Type  H <return>  for immediate help.
 ...                                              
                                                  
l.117 ...%ce\%b5\%cf\%82/}{Πανελλήνιες}
                                                  }
You may provide a definition with
\DeclareUnicodeCharacter 


! LaTeX Error: Unicode character ν (U+03BD)
               not set up for use with LaTeX.

See the LaTeX manual or LaTeX Companion for explanation.
Type  H <return>  for immediate help.
 ...                                              
                                                  
l.117 ...%ce\%b5\%cf\%82/}{Πανελλήνιες}
                                                  }
You may provide a definition with
\DeclareUnicodeCharacter 


! LaTeX Error: Unicode character ι (U+03B9)
               not set up for use with LaTeX.

See the LaTeX manual or LaTeX Companion for explanation.
Type  H <return>  for immediate help.
 ...                                              
                                                  
l.117 ...%ce\%b5\%cf\%82/}{Πανελλήνιες}
                                                  }
You may provide a definition with
\DeclareUnicodeCharacter 


! LaTeX Error: Unicode character ε (U+03B5)
               not set up for use with LaTeX.

See the LaTeX manual or LaTeX Companion for explanation.
Type  H <return>  for immediate help.
 ...                                              
                                                  
l.117 ...%ce\%b5\%cf\%82/}{Πανελλήνιες}
                                                  }
You may provide a definition with
\DeclareUnicodeCharacter 


! LaTeX Error: Unicode character ς (U+03C2)
               not set up for use with LaTeX.

See the LaTeX manual or LaTeX Companion for explanation.
Type  H <return>  for immediate help.
 ...                                              
                                                  
l.117 ...%ce\%b5\%cf\%82/}{Πανελλήνιες}
                                                  }
You may provide a definition with
\DeclareUnicodeCharacter 


! LaTeX Error: Unicode character Ε (U+0395)
               not set up for use with LaTeX.

See the LaTeX manual or LaTeX Companion for explanation.
Type  H <return>  for immediate help.
 ...                                              
                                                  
l.121 ...://tools.aftermaths.gr}{Εργαλεία}
                                                  }
You may provide a definition with
\DeclareUnicodeCharacter 


! LaTeX Error: Unicode character ρ (U+03C1)
               not set up for use with LaTeX.

See the LaTeX manual or LaTeX Companion for explanation.
Type  H <return>  for immediate help.
 ...                                              
                                                  
l.121 ...://tools.aftermaths.gr}{Εργαλεία}
                                                  }
You may provide a definition with
\DeclareUnicodeCharacter 


! LaTeX Error: Unicode character γ (U+03B3)
               not set up for use with LaTeX.

See the LaTeX manual or LaTeX Companion for explanation.
Type  H <return>  for immediate help.
 ...                                              
                                                  
l.121 ...://tools.aftermaths.gr}{Εργαλεία}
                                                  }
You may provide a definition with
\DeclareUnicodeCharacter 


! LaTeX Error: Unicode character α (U+03B1)
               not set up for use with LaTeX.

See the LaTeX manual or LaTeX Companion for explanation.
Type  H <return>  for immediate help.
 ...                                              
                                                  
l.121 ...://tools.aftermaths.gr}{Εργαλεία}
                                                  }
You may provide a definition with
\DeclareUnicodeCharacter 


! LaTeX Error: Unicode character λ (U+03BB)
               not set up for use with LaTeX.

See the LaTeX manual or LaTeX Companion for explanation.
Type  H <return>  for immediate help.
 ...                                              
                                                  
l.121 ...://tools.aftermaths.gr}{Εργαλεία}
                                                  }
You may provide a definition with
\DeclareUnicodeCharacter 


! LaTeX Error: Unicode character ε (U+03B5)
               not set up for use with LaTeX.

See the LaTeX manual or LaTeX Companion for explanation.
Type  H <return>  for immediate help.
 ...                                              
                                                  
l.121 ...://tools.aftermaths.gr}{Εργαλεία}
                                                  }
You may provide a definition with
\DeclareUnicodeCharacter 


! LaTeX Error: Unicode character ί (U+03AF)
               not set up for use with LaTeX.

See the LaTeX manual or LaTeX Companion for explanation.
Type  H <return>  for immediate help.
 ...                                              
                                                  
l.121 ...://tools.aftermaths.gr}{Εργαλεία}
                                                  }
You may provide a definition with
\DeclareUnicodeCharacter 


! LaTeX Error: Unicode character α (U+03B1)
               not set up for use with LaTeX.

See the LaTeX manual or LaTeX Companion for explanation.
Type  H <return>  for immediate help.
 ...                                              
                                                  
l.121 ...://tools.aftermaths.gr}{Εργαλεία}
                                                  }
You may provide a definition with
\DeclareUnicodeCharacter 


! LaTeX Error: Unicode character Α (U+0391)
               not set up for use with LaTeX.

See the LaTeX manual or LaTeX Companion for explanation.
Type  H <return>  for immediate help.
 ...                                              
                                                  
l.140 Αυγούστου 2024}
                              }{
You may provide a definition with
\DeclareUnicodeCharacter 


! LaTeX Error: Unicode character υ (U+03C5)
               not set up for use with LaTeX.

See the LaTeX manual or LaTeX Companion for explanation.
Type  H <return>  for immediate help.
 ...                                              
                                                  
l.140 Αυγούστου 2024}
                              }{
You may provide a definition with
\DeclareUnicodeCharacter 


! LaTeX Error: Unicode character γ (U+03B3)
               not set up for use with LaTeX.

See the LaTeX manual or LaTeX Companion for explanation.
Type  H <return>  for immediate help.
 ...                                              
                                                  
l.140 Αυγούστου 2024}
                              }{
You may provide a definition with
\DeclareUnicodeCharacter 


! LaTeX Error: Unicode character ο (U+03BF)
               not set up for use with LaTeX.

See the LaTeX manual or LaTeX Companion for explanation.
Type  H <return>  for immediate help.
 ...                                              
                                                  
l.140 Αυγούστου 2024}
                              }{
You may provide a definition with
\DeclareUnicodeCharacter 


! LaTeX Error: Unicode character ύ (U+03CD)
               not set up for use with LaTeX.

See the LaTeX manual or LaTeX Companion for explanation.
Type  H <return>  for immediate help.
 ...                                              
                                                  
l.140 Αυγούστου 2024}
                              }{
You may provide a definition with
\DeclareUnicodeCharacter 


! LaTeX Error: Unicode character σ (U+03C3)
               not set up for use with LaTeX.

See the LaTeX manual or LaTeX Companion for explanation.
Type  H <return>  for immediate help.
 ...                                              
                                                  
l.140 Αυγούστου 2024}
                              }{
You may provide a definition with
\DeclareUnicodeCharacter 


! LaTeX Error: Unicode character τ (U+03C4)
               not set up for use with LaTeX.

See the LaTeX manual or LaTeX Companion for explanation.
Type  H <return>  for immediate help.
 ...                                              
                                                  
l.140 Αυγούστου 2024}
                              }{
You may provide a definition with
\DeclareUnicodeCharacter 


! LaTeX Error: Unicode character ο (U+03BF)
               not set up for use with LaTeX.

See the LaTeX manual or LaTeX Companion for explanation.
Type  H <return>  for immediate help.
 ...                                              
                                                  
l.140 Αυγούστου 2024}
                              }{
You may provide a definition with
\DeclareUnicodeCharacter 


! LaTeX Error: Unicode character υ (U+03C5)
               not set up for use with LaTeX.

See the LaTeX manual or LaTeX Companion for explanation.
Type  H <return>  for immediate help.
 ...                                              
                                                  
l.140 Αυγούστου 2024}
                              }{
You may provide a definition with
\DeclareUnicodeCharacter 


! LaTeX Error: Unicode character Α (U+0391)
               not set up for use with LaTeX.

See the LaTeX manual or LaTeX Companion for explanation.
Type  H <return>  for immediate help.
 ...                                              
                                                  
l.143 ...hp?post=13786\&action=edit}{Αλλαγή}
                                                  }
You may provide a definition with
\DeclareUnicodeCharacter 


! LaTeX Error: Unicode character λ (U+03BB)
               not set up for use with LaTeX.

See the LaTeX manual or LaTeX Companion for explanation.
Type  H <return>  for immediate help.
 ...                                              
                                                  
l.143 ...hp?post=13786\&action=edit}{Αλλαγή}
                                                  }
You may provide a definition with
\DeclareUnicodeCharacter 


! LaTeX Error: Unicode character λ (U+03BB)
               not set up for use with LaTeX.

See the LaTeX manual or LaTeX Companion for explanation.
Type  H <return>  for immediate help.
 ...                                              
                                                  
l.143 ...hp?post=13786\&action=edit}{Αλλαγή}
                                                  }
You may provide a definition with
\DeclareUnicodeCharacter 


! LaTeX Error: Unicode character α (U+03B1)
               not set up for use with LaTeX.

See the LaTeX manual or LaTeX Companion for explanation.
Type  H <return>  for immediate help.
 ...                                              
                                                  
l.143 ...hp?post=13786\&action=edit}{Αλλαγή}
                                                  }
You may provide a definition with
\DeclareUnicodeCharacter 


! LaTeX Error: Unicode character γ (U+03B3)
               not set up for use with LaTeX.

See the LaTeX manual or LaTeX Companion for explanation.
Type  H <return>  for immediate help.
 ...                                              
                                                  
l.143 ...hp?post=13786\&action=edit}{Αλλαγή}
                                                  }
You may provide a definition with
\DeclareUnicodeCharacter 


! LaTeX Error: Unicode character ή (U+03AE)
               not set up for use with LaTeX.

See the LaTeX manual or LaTeX Companion for explanation.
Type  H <return>  for immediate help.
 ...                                              
                                                  
l.143 ...hp?post=13786\&action=edit}{Αλλαγή}
                                                  }
You may provide a definition with
\DeclareUnicodeCharacter 


! LaTeX Error: Unicode character Τ (U+03A4)
               not set up for use with LaTeX.

See the LaTeX manual or LaTeX Companion for explanation.
Type  H <return>  for immediate help.
 ...                                              
                                                  
l.147 ...x3b1ux3c1ux3c4ux3aeux3c3ux3b5ux3b9ux3c2}}
                                                  
You may provide a definition with
\DeclareUnicodeCharacter 


! LaTeX Error: Unicode character α (U+03B1)
               not set up for use with LaTeX.

See the LaTeX manual or LaTeX Companion for explanation.
Type  H <return>  for immediate help.
 ...                                              
                                                  
l.147 ...x3b1ux3c1ux3c4ux3aeux3c3ux3b5ux3b9ux3c2}}
                                                  
You may provide a definition with
\DeclareUnicodeCharacter 


! LaTeX Error: Unicode character Ο (U+039F)
               not set up for use with LaTeX.

See the LaTeX manual or LaTeX Companion for explanation.
Type  H <return>  for immediate help.
 ...                                              
                                                  
l.147 ...x3b1ux3c1ux3c4ux3aeux3c3ux3b5ux3b9ux3c2}}
                                                  
You may provide a definition with
\DeclareUnicodeCharacter 


! LaTeX Error: Unicode character λ (U+03BB)
               not set up for use with LaTeX.

See the LaTeX manual or LaTeX Companion for explanation.
Type  H <return>  for immediate help.
 ...                                              
                                                  
l.147 ...x3b1ux3c1ux3c4ux3aeux3c3ux3b5ux3b9ux3c2}}
                                                  
You may provide a definition with
\DeclareUnicodeCharacter 


! LaTeX Error: Unicode character υ (U+03C5)
               not set up for use with LaTeX.

See the LaTeX manual or LaTeX Companion for explanation.
Type  H <return>  for immediate help.
 ...                                              
                                                  
l.147 ...x3b1ux3c1ux3c4ux3aeux3c3ux3b5ux3b9ux3c2}}
                                                  
You may provide a definition with
\DeclareUnicodeCharacter 


! LaTeX Error: Unicode character μ (U+03BC)
               not set up for use with LaTeX.

See the LaTeX manual or LaTeX Companion for explanation.
Type  H <return>  for immediate help.
 ...                                              
                                                  
l.147 ...x3b1ux3c1ux3c4ux3aeux3c3ux3b5ux3b9ux3c2}}
                                                  
You may provide a definition with
\DeclareUnicodeCharacter 


! LaTeX Error: Unicode character π (U+03C0)
               not set up for use with LaTeX.

See the LaTeX manual or LaTeX Companion for explanation.
Type  H <return>  for immediate help.
 ...                                              
                                                  
l.147 ...x3b1ux3c1ux3c4ux3aeux3c3ux3b5ux3b9ux3c2}}
                                                  
You may provide a definition with
\DeclareUnicodeCharacter 


! LaTeX Error: Unicode character ι (U+03B9)
               not set up for use with LaTeX.

See the LaTeX manual or LaTeX Companion for explanation.
Type  H <return>  for immediate help.
 ...                                              
                                                  
l.147 ...x3b1ux3c1ux3c4ux3aeux3c3ux3b5ux3b9ux3c2}}
                                                  
You may provide a definition with
\DeclareUnicodeCharacter 


! LaTeX Error: Unicode character α (U+03B1)
               not set up for use with LaTeX.

See the LaTeX manual or LaTeX Companion for explanation.
Type  H <return>  for immediate help.
 ...                                              
                                                  
l.147 ...x3b1ux3c1ux3c4ux3aeux3c3ux3b5ux3b9ux3c2}}
                                                  
You may provide a definition with
\DeclareUnicodeCharacter 


! LaTeX Error: Unicode character κ (U+03BA)
               not set up for use with LaTeX.

See the LaTeX manual or LaTeX Companion for explanation.
Type  H <return>  for immediate help.
 ...                                              
                                                  
l.147 ...x3b1ux3c1ux3c4ux3aeux3c3ux3b5ux3b9ux3c2}}
                                                  
You may provide a definition with
\DeclareUnicodeCharacter 


! LaTeX Error: Unicode character ά (U+03AC)
               not set up for use with LaTeX.

See the LaTeX manual or LaTeX Companion for explanation.
Type  H <return>  for immediate help.
 ...                                              
                                                  
l.147 ...x3b1ux3c1ux3c4ux3aeux3c3ux3b5ux3b9ux3c2}}
                                                  
You may provide a definition with
\DeclareUnicodeCharacter 


! LaTeX Error: Unicode character Υ (U+03A5)
               not set up for use with LaTeX.

See the LaTeX manual or LaTeX Companion for explanation.
Type  H <return>  for immediate help.
 ...                                              
                                                  
l.147 ...x3b1ux3c1ux3c4ux3aeux3c3ux3b5ux3b9ux3c2}}
                                                  
You may provide a definition with
\DeclareUnicodeCharacter 


! LaTeX Error: Unicode character δ (U+03B4)
               not set up for use with LaTeX.

See the LaTeX manual or LaTeX Companion for explanation.
Type  H <return>  for immediate help.
 ...                                              
                                                  
l.147 ...x3b1ux3c1ux3c4ux3aeux3c3ux3b5ux3b9ux3c2}}
                                                  
You may provide a definition with
\DeclareUnicodeCharacter 


! LaTeX Error: Unicode character ρ (U+03C1)
               not set up for use with LaTeX.

See the LaTeX manual or LaTeX Companion for explanation.
Type  H <return>  for immediate help.
 ...                                              
                                                  
l.147 ...x3b1ux3c1ux3c4ux3aeux3c3ux3b5ux3b9ux3c2}}
                                                  
You may provide a definition with
\DeclareUnicodeCharacter 


! LaTeX Error: Unicode character ο (U+03BF)
               not set up for use with LaTeX.

See the LaTeX manual or LaTeX Companion for explanation.
Type  H <return>  for immediate help.
 ...                                              
                                                  
l.147 ...x3b1ux3c1ux3c4ux3aeux3c3ux3b5ux3b9ux3c2}}
                                                  
You may provide a definition with
\DeclareUnicodeCharacter 


! LaTeX Error: Unicode character θ (U+03B8)
               not set up for use with LaTeX.

See the LaTeX manual or LaTeX Companion for explanation.
Type  H <return>  for immediate help.
 ...                                              
                                                  
l.147 ...x3b1ux3c1ux3c4ux3aeux3c3ux3b5ux3b9ux3c2}}
                                                  
You may provide a definition with
\DeclareUnicodeCharacter 


! LaTeX Error: Unicode character ε (U+03B5)
               not set up for use with LaTeX.

See the LaTeX manual or LaTeX Companion for explanation.
Type  H <return>  for immediate help.
 ...                                              
                                                  
l.147 ...x3b1ux3c1ux3c4ux3aeux3c3ux3b5ux3b9ux3c2}}
                                                  
You may provide a definition with
\DeclareUnicodeCharacter 


! LaTeX Error: Unicode character ρ (U+03C1)
               not set up for use with LaTeX.

See the LaTeX manual or LaTeX Companion for explanation.
Type  H <return>  for immediate help.
 ...                                              
                                                  
l.147 ...x3b1ux3c1ux3c4ux3aeux3c3ux3b5ux3b9ux3c2}}
                                                  
You may provide a definition with
\DeclareUnicodeCharacter 


! LaTeX Error: Unicode character μ (U+03BC)
               not set up for use with LaTeX.

See the LaTeX manual or LaTeX Companion for explanation.
Type  H <return>  for immediate help.
 ...                                              
                                                  
l.147 ...x3b1ux3c1ux3c4ux3aeux3c3ux3b5ux3b9ux3c2}}
                                                  
You may provide a definition with
\DeclareUnicodeCharacter 


! LaTeX Error: Unicode character ι (U+03B9)
               not set up for use with LaTeX.

See the LaTeX manual or LaTeX Companion for explanation.
Type  H <return>  for immediate help.
 ...                                              
                                                  
l.147 ...x3b1ux3c1ux3c4ux3aeux3c3ux3b5ux3b9ux3c2}}
                                                  
You may provide a definition with
\DeclareUnicodeCharacter 


! LaTeX Error: Unicode character κ (U+03BA)
               not set up for use with LaTeX.

See the LaTeX manual or LaTeX Companion for explanation.
Type  H <return>  for immediate help.
 ...                                              
                                                  
l.147 ...x3b1ux3c1ux3c4ux3aeux3c3ux3b5ux3b9ux3c2}}
                                                  
You may provide a definition with
\DeclareUnicodeCharacter 


! LaTeX Error: Unicode character έ (U+03AD)
               not set up for use with LaTeX.

See the LaTeX manual or LaTeX Companion for explanation.
Type  H <return>  for immediate help.
 ...                                              
                                                  
l.147 ...x3b1ux3c1ux3c4ux3aeux3c3ux3b5ux3b9ux3c2}}
                                                  
You may provide a definition with
\DeclareUnicodeCharacter 


! LaTeX Error: Unicode character ς (U+03C2)
               not set up for use with LaTeX.

See the LaTeX manual or LaTeX Companion for explanation.
Type  H <return>  for immediate help.
 ...                                              
                                                  
l.147 ...x3b1ux3c1ux3c4ux3aeux3c3ux3b5ux3b9ux3c2}}
                                                  
You may provide a definition with
\DeclareUnicodeCharacter 


! LaTeX Error: Unicode character Σ (U+03A3)
               not set up for use with LaTeX.

See the LaTeX manual or LaTeX Companion for explanation.
Type  H <return>  for immediate help.
 ...                                              
                                                  
l.147 ...x3b1ux3c1ux3c4ux3aeux3c3ux3b5ux3b9ux3c2}}
                                                  
You may provide a definition with
\DeclareUnicodeCharacter 


! LaTeX Error: Unicode character υ (U+03C5)
               not set up for use with LaTeX.

See the LaTeX manual or LaTeX Companion for explanation.
Type  H <return>  for immediate help.
 ...                                              
                                                  
l.147 ...x3b1ux3c1ux3c4ux3aeux3c3ux3b5ux3b9ux3c2}}
                                                  
You may provide a definition with
\DeclareUnicodeCharacter 


! LaTeX Error: Unicode character ν (U+03BD)
               not set up for use with LaTeX.

See the LaTeX manual or LaTeX Companion for explanation.
Type  H <return>  for immediate help.
 ...                                              
                                                  
l.147 ...x3b1ux3c1ux3c4ux3aeux3c3ux3b5ux3b9ux3c2}}
                                                  
You may provide a definition with
\DeclareUnicodeCharacter 


! LaTeX Error: Unicode character α (U+03B1)
               not set up for use with LaTeX.

See the LaTeX manual or LaTeX Companion for explanation.
Type  H <return>  for immediate help.
 ...                                              
                                                  
l.147 ...x3b1ux3c1ux3c4ux3aeux3c3ux3b5ux3b9ux3c2}}
                                                  
You may provide a definition with
\DeclareUnicodeCharacter 


! LaTeX Error: Unicode character ρ (U+03C1)
               not set up for use with LaTeX.

See the LaTeX manual or LaTeX Companion for explanation.
Type  H <return>  for immediate help.
 ...                                              
                                                  
l.147 ...x3b1ux3c1ux3c4ux3aeux3c3ux3b5ux3b9ux3c2}}
                                                  
You may provide a definition with
\DeclareUnicodeCharacter 


! LaTeX Error: Unicode character τ (U+03C4)
               not set up for use with LaTeX.

See the LaTeX manual or LaTeX Companion for explanation.
Type  H <return>  for immediate help.
 ...                                              
                                                  
l.147 ...x3b1ux3c1ux3c4ux3aeux3c3ux3b5ux3b9ux3c2}}
                                                  
You may provide a definition with
\DeclareUnicodeCharacter 


! LaTeX Error: Unicode character ή (U+03AE)
               not set up for use with LaTeX.

See the LaTeX manual or LaTeX Companion for explanation.
Type  H <return>  for immediate help.
 ...                                              
                                                  
l.147 ...x3b1ux3c1ux3c4ux3aeux3c3ux3b5ux3b9ux3c2}}
                                                  
You may provide a definition with
\DeclareUnicodeCharacter 


! LaTeX Error: Unicode character σ (U+03C3)
               not set up for use with LaTeX.

See the LaTeX manual or LaTeX Companion for explanation.
Type  H <return>  for immediate help.
 ...                                              
                                                  
l.147 ...x3b1ux3c1ux3c4ux3aeux3c3ux3b5ux3b9ux3c2}}
                                                  
You may provide a definition with
\DeclareUnicodeCharacter 


! LaTeX Error: Unicode character ε (U+03B5)
               not set up for use with LaTeX.

See the LaTeX manual or LaTeX Companion for explanation.
Type  H <return>  for immediate help.
 ...                                              
                                                  
l.147 ...x3b1ux3c1ux3c4ux3aeux3c3ux3b5ux3b9ux3c2}}
                                                  
You may provide a definition with
\DeclareUnicodeCharacter 


! LaTeX Error: Unicode character ι (U+03B9)
               not set up for use with LaTeX.

See the LaTeX manual or LaTeX Companion for explanation.
Type  H <return>  for immediate help.
 ...                                              
                                                  
l.147 ...x3b1ux3c1ux3c4ux3aeux3c3ux3b5ux3b9ux3c2}}
                                                  
You may provide a definition with
\DeclareUnicodeCharacter 


! LaTeX Error: Unicode character ς (U+03C2)
               not set up for use with LaTeX.

See the LaTeX manual or LaTeX Companion for explanation.
Type  H <return>  for immediate help.
 ...                                              
                                                  
l.147 ...x3b1ux3c1ux3c4ux3aeux3c3ux3b5ux3b9ux3c2}}
                                                  
You may provide a definition with
\DeclareUnicodeCharacter 


! LaTeX Error: Unicode character Κ (U+039A)
               not set up for use with LaTeX.

See the LaTeX manual or LaTeX Companion for explanation.
Type  H <return>  for immediate help.
 ...                                              
                                                  
l.149 Κ
        αλοκαιράκι, Ολυμπιακοί Αγώνες, όλα τα...

You may provide a definition with
\DeclareUnicodeCharacter 


! LaTeX Error: Unicode character α (U+03B1)
               not set up for use with LaTeX.

See the LaTeX manual or LaTeX Companion for explanation.
Type  H <return>  for immediate help.
 ...                                              
                                                  
l.149 Κα
          λοκαιράκι, Ολυμπιακοί Αγώνες, όλα τα...

You may provide a definition with
\DeclareUnicodeCharacter 


! LaTeX Error: Unicode character λ (U+03BB)
               not set up for use with LaTeX.

See the LaTeX manual or LaTeX Companion for explanation.
Type  H <return>  for immediate help.
 ...                                              
                                                  
l.149 Καλ
            οκαιράκι, Ολυμπιακοί Αγώνες, όλα τα...

You may provide a definition with
\DeclareUnicodeCharacter 


! LaTeX Error: Unicode character ο (U+03BF)
               not set up for use with LaTeX.

See the LaTeX manual or LaTeX Companion for explanation.
Type  H <return>  for immediate help.
 ...                                              
                                                  
l.149 Καλο
              καιράκι, Ολυμπιακοί Αγώνες, όλα τα...

You may provide a definition with
\DeclareUnicodeCharacter 


! LaTeX Error: Unicode character κ (U+03BA)
               not set up for use with LaTeX.

See the LaTeX manual or LaTeX Companion for explanation.
Type  H <return>  for immediate help.
 ...                                              
                                                  
l.149 Καλοκ
                αιράκι, Ολυμπιακοί Αγώνες, όλα τα...

You may provide a definition with
\DeclareUnicodeCharacter 


! LaTeX Error: Unicode character α (U+03B1)
               not set up for use with LaTeX.

See the LaTeX manual or LaTeX Companion for explanation.
Type  H <return>  for immediate help.
 ...                                              
                                                  
l.149 Καλοκα
                  ιράκι, Ολυμπιακοί Αγώνες, όλα τα...

You may provide a definition with
\DeclareUnicodeCharacter 


! LaTeX Error: Unicode character ι (U+03B9)
               not set up for use with LaTeX.

See the LaTeX manual or LaTeX Companion for explanation.
Type  H <return>  for immediate help.
 ...                                              
                                                  
l.149 Καλοκαι
                    ράκι, Ολυμπιακοί Αγώνες, όλα τα...

You may provide a definition with
\DeclareUnicodeCharacter 


! LaTeX Error: Unicode character ρ (U+03C1)
               not set up for use with LaTeX.

See the LaTeX manual or LaTeX Companion for explanation.
Type  H <return>  for immediate help.
 ...                                              
                                                  
l.149 Καλοκαιρ
                      άκι, Ολυμπιακοί Αγώνες, όλα τα...

You may provide a definition with
\DeclareUnicodeCharacter 


! LaTeX Error: Unicode character ά (U+03AC)
               not set up for use with LaTeX.

See the LaTeX manual or LaTeX Companion for explanation.
Type  H <return>  for immediate help.
 ...                                              
                                                  
l.149 Καλοκαιρά
                        κι, Ολυμπιακοί Αγώνες, όλα τα...

You may provide a definition with
\DeclareUnicodeCharacter 


! LaTeX Error: Unicode character κ (U+03BA)
               not set up for use with LaTeX.

See the LaTeX manual or LaTeX Companion for explanation.
Type  H <return>  for immediate help.
 ...                                              
                                                  
l.149 Καλοκαιράκ
                          ι, Ολυμπιακοί Αγώνες, όλα τα...

You may provide a definition with
\DeclareUnicodeCharacter 


! LaTeX Error: Unicode character ι (U+03B9)
               not set up for use with LaTeX.

See the LaTeX manual or LaTeX Companion for explanation.
Type  H <return>  for immediate help.
 ...                                              
                                                  
l.149 Καλοκαιράκι
                            , Ολυμπιακοί Αγώνες, όλα τα...

You may provide a definition with
\DeclareUnicodeCharacter 


! LaTeX Error: Unicode character Ο (U+039F)
               not set up for use with LaTeX.

See the LaTeX manual or LaTeX Companion for explanation.
Type  H <return>  for immediate help.
 ...                                              
                                                  
l.149 Καλοκαιράκι, Ο
                                λυμπιακοί Αγώνες, όλα τα...

You may provide a definition with
\DeclareUnicodeCharacter 


! LaTeX Error: Unicode character λ (U+03BB)
               not set up for use with LaTeX.

See the LaTeX manual or LaTeX Companion for explanation.
Type  H <return>  for immediate help.
 ...                                              
                                                  
l.149 Καλοκαιράκι, Ολ
                                  υμπιακοί Αγώνες, όλα τα...

You may provide a definition with
\DeclareUnicodeCharacter 


! LaTeX Error: Unicode character υ (U+03C5)
               not set up for use with LaTeX.

See the LaTeX manual or LaTeX Companion for explanation.
Type  H <return>  for immediate help.
 ...                                              
                                                  
l.149 Καλοκαιράκι, Ολυ
                                    μπιακοί Αγώνες, όλα τα...

You may provide a definition with
\DeclareUnicodeCharacter 


! LaTeX Error: Unicode character μ (U+03BC)
               not set up for use with LaTeX.

See the LaTeX manual or LaTeX Companion for explanation.
Type  H <return>  for immediate help.
 ...                                              
                                                  
l.149 Καλοκαιράκι, Ολυμ
                                      πιακοί Αγώνες, όλα τα...

You may provide a definition with
\DeclareUnicodeCharacter 


! LaTeX Error: Unicode character π (U+03C0)
               not set up for use with LaTeX.

See the LaTeX manual or LaTeX Companion for explanation.
Type  H <return>  for immediate help.
 ...                                              
                                                  
l.149 Καλοκαιράκι, Ολυμπ
                                        ιακοί Αγώνες, όλα τα...

You may provide a definition with
\DeclareUnicodeCharacter 


! LaTeX Error: Unicode character ι (U+03B9)
               not set up for use with LaTeX.

See the LaTeX manual or LaTeX Companion for explanation.
Type  H <return>  for immediate help.
 ...                                              
                                                  
l.149 Καλοκαιράκι, Ολυμπι
                                          ακοί Αγώνες, όλα τα...

You may provide a definition with
\DeclareUnicodeCharacter 


! LaTeX Error: Unicode character α (U+03B1)
               not set up for use with LaTeX.

See the LaTeX manual or LaTeX Companion for explanation.
Type  H <return>  for immediate help.
 ...                                              
                                                  
l.149 Καλοκαιράκι, Ολυμπια
                                            κοί Αγώνες, όλα τα...

You may provide a definition with
\DeclareUnicodeCharacter 


! LaTeX Error: Unicode character κ (U+03BA)
               not set up for use with LaTeX.

See the LaTeX manual or LaTeX Companion for explanation.
Type  H <return>  for immediate help.
 ...                                              
                                                  
l.149 Καλοκαιράκι, Ολυμπιακ
                                              οί Αγώνες, όλα τα...

You may provide a definition with
\DeclareUnicodeCharacter 


! LaTeX Error: Unicode character ο (U+03BF)
               not set up for use with LaTeX.

See the LaTeX manual or LaTeX Companion for explanation.
Type  H <return>  for immediate help.
 ...                                              
                                                  
l.149 Καλοκαιράκι, Ολυμπιακο
                                                ί Αγώνες, όλα τα...

You may provide a definition with
\DeclareUnicodeCharacter 


! LaTeX Error: Unicode character ί (U+03AF)
               not set up for use with LaTeX.

See the LaTeX manual or LaTeX Companion for explanation.
Type  H <return>  for immediate help.
 ...                                              
                                                  
l.149 Καλοκαιράκι, Ολυμπιακοί
                                                   Αγώνες, όλα τα...

You may provide a definition with
\DeclareUnicodeCharacter 


! LaTeX Error: Unicode character Α (U+0391)
               not set up for use with LaTeX.

See the LaTeX manual or LaTeX Companion for explanation.
Type  H <return>  for immediate help.
 ...                                              
                                                  
l.149 ...οκαιράκι, Ολυμπιακοί Α
                                                  γώνες, όλα τα μ...

You may provide a definition with
\DeclareUnicodeCharacter 


! LaTeX Error: Unicode character γ (U+03B3)
               not set up for use with LaTeX.

See the LaTeX manual or LaTeX Companion for explanation.
Type  H <return>  for immediate help.
 ...                                              
                                                  
l.149 ...καιράκι, Ολυμπιακοί Αγ
                                                  ώνες, όλα τα μά...

You may provide a definition with
\DeclareUnicodeCharacter 


! LaTeX Error: Unicode character ώ (U+03CE)
               not set up for use with LaTeX.

See the LaTeX manual or LaTeX Companion for explanation.
Type  H <return>  for immediate help.
 ...                                              
                                                  
l.149 ...αιράκι, Ολυμπιακοί Αγώ
                                                  νες, όλα τα μάτ...

You may provide a definition with
\DeclareUnicodeCharacter 


! LaTeX Error: Unicode character ν (U+03BD)
               not set up for use with LaTeX.

See the LaTeX manual or LaTeX Companion for explanation.
Type  H <return>  for immediate help.
 ...                                              
                                                  
l.149 ...ιράκι, Ολυμπιακοί Αγών
                                                  ες, όλα τα μάτι...

You may provide a definition with
\DeclareUnicodeCharacter 


! LaTeX Error: Unicode character ε (U+03B5)
               not set up for use with LaTeX.

See the LaTeX manual or LaTeX Companion for explanation.
Type  H <return>  for immediate help.
 ...                                              
                                                  
l.149 ...ράκι, Ολυμπιακοί Αγώνε
                                                  ς, όλα τα μάτια...

You may provide a definition with
\DeclareUnicodeCharacter 


! LaTeX Error: Unicode character ς (U+03C2)
               not set up for use with LaTeX.

See the LaTeX manual or LaTeX Companion for explanation.
Type  H <return>  for immediate help.
 ...                                              
                                                  
l.149 ...άκι, Ολυμπιακοί Αγώνες
                                                  , όλα τα μάτια �...

You may provide a definition with
\DeclareUnicodeCharacter 


! LaTeX Error: Unicode character ό (U+03CC)
               not set up for use with LaTeX.

See the LaTeX manual or LaTeX Companion for explanation.
Type  H <return>  for immediate help.
 ...                                              
                                                  
l.149 ...ι, Ολυμπιακοί Αγώνες, ό
                                                  λα τα μάτια κα�...

You may provide a definition with
\DeclareUnicodeCharacter 


! LaTeX Error: Unicode character λ (U+03BB)
               not set up for use with LaTeX.

See the LaTeX manual or LaTeX Companion for explanation.
Type  H <return>  for immediate help.
 ...                                              
                                                  
l.149 ..., Ολυμπιακοί Αγώνες, όλ
                                                  α τα μάτια καρ�...

You may provide a definition with
\DeclareUnicodeCharacter 


! LaTeX Error: Unicode character α (U+03B1)
               not set up for use with LaTeX.

See the LaTeX manual or LaTeX Companion for explanation.
Type  H <return>  for immediate help.
 ...                                              
                                                  
l.149 ...Ολυμπιακοί Αγώνες, όλα
                                                   τα μάτια καρφ�...

You may provide a definition with
\DeclareUnicodeCharacter 


! LaTeX Error: Unicode character τ (U+03C4)
               not set up for use with LaTeX.

See the LaTeX manual or LaTeX Companion for explanation.
Type  H <return>  for immediate help.
 ...                                              
                                                  
l.149 ...�υμπιακοί Αγώνες, όλα τ
                                                  α μάτια καρφωμ...

You may provide a definition with
\DeclareUnicodeCharacter 


! LaTeX Error: Unicode character α (U+03B1)
               not set up for use with LaTeX.

See the LaTeX manual or LaTeX Companion for explanation.
Type  H <return>  for immediate help.
 ...                                              
                                                  
l.149 ...�μπιακοί Αγώνες, όλα τα
                                                   μάτια καρφωμέ...

You may provide a definition with
\DeclareUnicodeCharacter 


! LaTeX Error: Unicode character μ (U+03BC)
               not set up for use with LaTeX.

See the LaTeX manual or LaTeX Companion for explanation.
Type  H <return>  for immediate help.
 ...                                              
                                                  
l.149 ...πιακοί Αγώνες, όλα τα μ
                                                  άτια καρφωμέν�...

You may provide a definition with
\DeclareUnicodeCharacter 


! LaTeX Error: Unicode character ά (U+03AC)
               not set up for use with LaTeX.

See the LaTeX manual or LaTeX Companion for explanation.
Type  H <return>  for immediate help.
 ...                                              
                                                  
l.149 ...ιακοί Αγώνες, όλα τα μά
                                                  τια καρφωμένα ...

You may provide a definition with
\DeclareUnicodeCharacter 


! LaTeX Error: Unicode character τ (U+03C4)
               not set up for use with LaTeX.

See the LaTeX manual or LaTeX Companion for explanation.
Type  H <return>  for immediate help.
 ...                                              
                                                  
l.149 ...ακοί Αγώνες, όλα τα μάτ
                                                  ια καρφωμένα σ...

You may provide a definition with
\DeclareUnicodeCharacter 


! LaTeX Error: Unicode character ι (U+03B9)
               not set up for use with LaTeX.

See the LaTeX manual or LaTeX Companion for explanation.
Type  H <return>  for immediate help.
 ...                                              
                                                  
l.149 ...κοί Αγώνες, όλα τα μάτι
                                                  α καρφωμένα στ...

You may provide a definition with
\DeclareUnicodeCharacter 


! LaTeX Error: Unicode character α (U+03B1)
               not set up for use with LaTeX.

See the LaTeX manual or LaTeX Companion for explanation.
Type  H <return>  for immediate help.
 ...                                              
                                                  
l.149 ...οί Αγώνες, όλα τα μάτια
                                                   καρφωμένα στο...

You may provide a definition with
\DeclareUnicodeCharacter 


! LaTeX Error: Unicode character κ (U+03BA)
               not set up for use with LaTeX.

See the LaTeX manual or LaTeX Companion for explanation.
Type  H <return>  for immediate help.
 ...                                              
                                                  
l.149 ...� Αγώνες, όλα τα μάτια κ
                                                  αρφωμένα στου�...

You may provide a definition with
\DeclareUnicodeCharacter 


! LaTeX Error: Unicode character α (U+03B1)
               not set up for use with LaTeX.

See the LaTeX manual or LaTeX Companion for explanation.
Type  H <return>  for immediate help.
 ...                                              
                                                  
l.149 ...Αγώνες, όλα τα μάτια κα
                                                  ρφωμένα στους ...

You may provide a definition with
\DeclareUnicodeCharacter 


! LaTeX Error: Unicode character ρ (U+03C1)
               not set up for use with LaTeX.

See the LaTeX manual or LaTeX Companion for explanation.
Type  H <return>  for immediate help.
 ...                                              
                                                  
l.149 ...γώνες, όλα τα μάτια καρ
                                                  φωμένα στους δ...

You may provide a definition with
\DeclareUnicodeCharacter 


! LaTeX Error: Unicode character φ (U+03C6)
               not set up for use with LaTeX.

See the LaTeX manual or LaTeX Companion for explanation.
Type  H <return>  for immediate help.
 ...                                              
                                                  
l.149 ...ώνες, όλα τα μάτια καρφ
                                                  ωμένα στους δέ...

You may provide a definition with
\DeclareUnicodeCharacter 


! LaTeX Error: Unicode character ω (U+03C9)
               not set up for use with LaTeX.

See the LaTeX manual or LaTeX Companion for explanation.
Type  H <return>  for immediate help.
 ...                                              
                                                  
l.149 ...νες, όλα τα μάτια καρφω
                                                  μένα στους δέκ...

You may provide a definition with
\DeclareUnicodeCharacter 


! LaTeX Error: Unicode character μ (U+03BC)
               not set up for use with LaTeX.

See the LaTeX manual or LaTeX Companion for explanation.
Type  H <return>  for immediate help.
 ...                                              
                                                  
l.149 ...ες, όλα τα μάτια καρφωμ
                                                  ένα στους δέκτ...

You may provide a definition with
\DeclareUnicodeCharacter 


! LaTeX Error: Unicode character έ (U+03AD)
               not set up for use with LaTeX.

See the LaTeX manual or LaTeX Companion for explanation.
Type  H <return>  for immediate help.
 ...                                              
                                                  
l.149 ...ς, όλα τα μάτια καρφωμέ
                                                  να στους δέκτε...

You may provide a definition with
\DeclareUnicodeCharacter 


! LaTeX Error: Unicode character ν (U+03BD)
               not set up for use with LaTeX.

See the LaTeX manual or LaTeX Companion for explanation.
Type  H <return>  for immediate help.
 ...                                              
                                                  
l.149 ..., όλα τα μάτια καρφωμέν
                                                  α στους δέκτες...

You may provide a definition with
\DeclareUnicodeCharacter 


! LaTeX Error: Unicode character α (U+03B1)
               not set up for use with LaTeX.

See the LaTeX manual or LaTeX Companion for explanation.
Type  H <return>  for immediate help.
 ...                                              
                                                  
l.149 ...όλα τα μάτια καρφωμένα
                                                   στους δέκτες �...

You may provide a definition with
\DeclareUnicodeCharacter 


! LaTeX Error: Unicode character σ (U+03C3)
               not set up for use with LaTeX.

See the LaTeX manual or LaTeX Companion for explanation.
Type  H <return>  for immediate help.
 ...                                              
                                                  
l.149 ...�α τα μάτια καρφωμένα σ
                                                  τους δέκτες μας
You may provide a definition with
\DeclareUnicodeCharacter 


! LaTeX Error: Unicode character τ (U+03C4)
               not set up for use with LaTeX.

See the LaTeX manual or LaTeX Companion for explanation.
Type  H <return>  for immediate help.
 ...                                              
                                                  
l.149 ...� τα μάτια καρφωμένα στ
                                                  ους δέκτες μας
You may provide a definition with
\DeclareUnicodeCharacter 


! LaTeX Error: Unicode character ο (U+03BF)
               not set up for use with LaTeX.

See the LaTeX manual or LaTeX Companion for explanation.
Type  H <return>  for immediate help.
 ...                                              
                                                  
l.149 ...τα μάτια καρφωμένα στο
                                                  υς δέκτες μας
You may provide a definition with
\DeclareUnicodeCharacter 


! LaTeX Error: Unicode character υ (U+03C5)
               not set up for use with LaTeX.

See the LaTeX manual or LaTeX Companion for explanation.
Type  H <return>  for immediate help.
 ...                                              
                                                  
l.149 ...α μάτια καρφωμένα στου
                                                  ς δέκτες μας
You may provide a definition with
\DeclareUnicodeCharacter 


! LaTeX Error: Unicode character ς (U+03C2)
               not set up for use with LaTeX.

See the LaTeX manual or LaTeX Companion for explanation.
Type  H <return>  for immediate help.
 ...                                              
                                                  
l.149 ... μάτια καρφωμένα στους
                                                   δέκτες μας
You may provide a definition with
\DeclareUnicodeCharacter 


! LaTeX Error: Unicode character δ (U+03B4)
               not set up for use with LaTeX.

See the LaTeX manual or LaTeX Companion for explanation.
Type  H <return>  for immediate help.
 ...                                              
                                                  
l.149 ...άτια καρφωμένα στους δ
                                                  έκτες μας
You may provide a definition with
\DeclareUnicodeCharacter 


! LaTeX Error: Unicode character έ (U+03AD)
               not set up for use with LaTeX.

See the LaTeX manual or LaTeX Companion for explanation.
Type  H <return>  for immediate help.
 ...                                              
                                                  
l.149 ...τια καρφωμένα στους δέ
                                                  κτες μας
You may provide a definition with
\DeclareUnicodeCharacter 


! LaTeX Error: Unicode character κ (U+03BA)
               not set up for use with LaTeX.

See the LaTeX manual or LaTeX Companion for explanation.
Type  H <return>  for immediate help.
 ...                                              
                                                  
l.149 ...ια καρφωμένα στους δέκ
                                                  τες μας
You may provide a definition with
\DeclareUnicodeCharacter 


! LaTeX Error: Unicode character τ (U+03C4)
               not set up for use with LaTeX.

See the LaTeX manual or LaTeX Companion for explanation.
Type  H <return>  for immediate help.
 ...                                              
                                                  
l.149 ...α καρφωμένα στους δέκτ
                                                  ες μας
You may provide a definition with
\DeclareUnicodeCharacter 


! LaTeX Error: Unicode character ε (U+03B5)
               not set up for use with LaTeX.

See the LaTeX manual or LaTeX Companion for explanation.
Type  H <return>  for immediate help.
 ...                                              
                                                  
l.149 ... καρφωμένα στους δέκτε
                                                  ς μας
You may provide a definition with
\DeclareUnicodeCharacter 


! LaTeX Error: Unicode character ς (U+03C2)
               not set up for use with LaTeX.

See the LaTeX manual or LaTeX Companion for explanation.
Type  H <return>  for immediate help.
 ...                                              
                                                  
l.149 ...�αρφωμένα στους δέκτες
                                                   μας
You may provide a definition with
\DeclareUnicodeCharacter 


! LaTeX Error: Unicode character μ (U+03BC)
               not set up for use with LaTeX.

See the LaTeX manual or LaTeX Companion for explanation.
Type  H <return>  for immediate help.
 ...                                              
                                                  
l.149 ...ρφωμένα στους δέκτες μ
                                                  ας
You may provide a definition with
\DeclareUnicodeCharacter 


! LaTeX Error: Unicode character α (U+03B1)
               not set up for use with LaTeX.

See the LaTeX manual or LaTeX Companion for explanation.
Type  H <return>  for immediate help.
 ...                                              
                                                  
l.149 ...φωμένα στους δέκτες μα
                                                  ς
You may provide a definition with
\DeclareUnicodeCharacter 


! LaTeX Error: Unicode character ς (U+03C2)
               not set up for use with LaTeX.

See the LaTeX manual or LaTeX Companion for explanation.
Type  H <return>  for immediate help.
 ...                                              
                                                  
l.149 ...ωμένα στους δέκτες μας
                                                  
You may provide a definition with
\DeclareUnicodeCharacter 


! LaTeX Error: Unicode character γ (U+03B3)
               not set up for use with LaTeX.

See the LaTeX manual or LaTeX Companion for explanation.
Type  H <return>  for immediate help.
 ...                                              
                                                  
l.150 γ
        ια λίγο ευ αγωνίζεσθαι, λίγο αθλητισμ...

You may provide a definition with
\DeclareUnicodeCharacter 


! LaTeX Error: Unicode character ι (U+03B9)
               not set up for use with LaTeX.

See the LaTeX manual or LaTeX Companion for explanation.
Type  H <return>  for immediate help.
 ...                                              
                                                  
l.150 γι
          α λίγο ευ αγωνίζεσθαι, λίγο αθλητισμ...

You may provide a definition with
\DeclareUnicodeCharacter 


! LaTeX Error: Unicode character α (U+03B1)
               not set up for use with LaTeX.

See the LaTeX manual or LaTeX Companion for explanation.
Type  H <return>  for immediate help.
 ...                                              
                                                  
l.150 για
             λίγο ευ αγωνίζεσθαι, λίγο αθλητισμ...

You may provide a definition with
\DeclareUnicodeCharacter 


! LaTeX Error: Unicode character λ (U+03BB)
               not set up for use with LaTeX.

See the LaTeX manual or LaTeX Companion for explanation.
Type  H <return>  for immediate help.
 ...                                              
                                                  
l.150 για λ
               ίγο ευ αγωνίζεσθαι, λίγο αθλητισμ...

You may provide a definition with
\DeclareUnicodeCharacter 


! LaTeX Error: Unicode character ί (U+03AF)
               not set up for use with LaTeX.

See the LaTeX manual or LaTeX Companion for explanation.
Type  H <return>  for immediate help.
 ...                                              
                                                  
l.150 για λί
                 γο ευ αγωνίζεσθαι, λίγο αθλητισμ...

You may provide a definition with
\DeclareUnicodeCharacter 


! LaTeX Error: Unicode character γ (U+03B3)
               not set up for use with LaTeX.

See the LaTeX manual or LaTeX Companion for explanation.
Type  H <return>  for immediate help.
 ...                                              
                                                  
l.150 για λίγ
                   ο ευ αγωνίζεσθαι, λίγο αθλητισμ...

You may provide a definition with
\DeclareUnicodeCharacter 


! LaTeX Error: Unicode character ο (U+03BF)
               not set up for use with LaTeX.

See the LaTeX manual or LaTeX Companion for explanation.
Type  H <return>  for immediate help.
 ...                                              
                                                  
l.150 για λίγο
                      ευ αγωνίζεσθαι, λίγο αθλητισμ...

You may provide a definition with
\DeclareUnicodeCharacter 


! LaTeX Error: Unicode character ε (U+03B5)
               not set up for use with LaTeX.

See the LaTeX manual or LaTeX Companion for explanation.
Type  H <return>  for immediate help.
 ...                                              
                                                  
l.150 για λίγο ε
                        υ αγωνίζεσθαι, λίγο αθλητισμ...

You may provide a definition with
\DeclareUnicodeCharacter 


! LaTeX Error: Unicode character υ (U+03C5)
               not set up for use with LaTeX.

See the LaTeX manual or LaTeX Companion for explanation.
Type  H <return>  for immediate help.
 ...                                              
                                                  
l.150 για λίγο ευ
                           αγωνίζεσθαι, λίγο αθλητισμ...

You may provide a definition with
\DeclareUnicodeCharacter 


! LaTeX Error: Unicode character α (U+03B1)
               not set up for use with LaTeX.

See the LaTeX manual or LaTeX Companion for explanation.
Type  H <return>  for immediate help.
 ...                                              
                                                  
l.150 για λίγο ευ α
                             γωνίζεσθαι, λίγο αθλητισμ...

You may provide a definition with
\DeclareUnicodeCharacter 


! LaTeX Error: Unicode character γ (U+03B3)
               not set up for use with LaTeX.

See the LaTeX manual or LaTeX Companion for explanation.
Type  H <return>  for immediate help.
 ...                                              
                                                  
l.150 για λίγο ευ αγ
                               ωνίζεσθαι, λίγο αθλητισμ...

You may provide a definition with
\DeclareUnicodeCharacter 


! LaTeX Error: Unicode character ω (U+03C9)
               not set up for use with LaTeX.

See the LaTeX manual or LaTeX Companion for explanation.
Type  H <return>  for immediate help.
 ...                                              
                                                  
l.150 για λίγο ευ αγω
                                 νίζεσθαι, λίγο αθλητισμ...

You may provide a definition with
\DeclareUnicodeCharacter 


! LaTeX Error: Unicode character ν (U+03BD)
               not set up for use with LaTeX.

See the LaTeX manual or LaTeX Companion for explanation.
Type  H <return>  for immediate help.
 ...                                              
                                                  
l.150 για λίγο ευ αγων
                                   ίζεσθαι, λίγο αθλητισμ...

You may provide a definition with
\DeclareUnicodeCharacter 


! LaTeX Error: Unicode character ί (U+03AF)
               not set up for use with LaTeX.

See the LaTeX manual or LaTeX Companion for explanation.
Type  H <return>  for immediate help.
 ...                                              
                                                  
l.150 για λίγο ευ αγωνί
                                     ζεσθαι, λίγο αθλητισμ...

You may provide a definition with
\DeclareUnicodeCharacter 


! LaTeX Error: Unicode character ζ (U+03B6)
               not set up for use with LaTeX.

See the LaTeX manual or LaTeX Companion for explanation.
Type  H <return>  for immediate help.
 ...                                              
                                                  
l.150 για λίγο ευ αγωνίζ
                                       εσθαι, λίγο αθλητισμ...

You may provide a definition with
\DeclareUnicodeCharacter 


! LaTeX Error: Unicode character ε (U+03B5)
               not set up for use with LaTeX.

See the LaTeX manual or LaTeX Companion for explanation.
Type  H <return>  for immediate help.
 ...                                              
                                                  
l.150 για λίγο ευ αγωνίζε
                                         σθαι, λίγο αθλητισμ...

You may provide a definition with
\DeclareUnicodeCharacter 


! LaTeX Error: Unicode character σ (U+03C3)
               not set up for use with LaTeX.

See the LaTeX manual or LaTeX Companion for explanation.
Type  H <return>  for immediate help.
 ...                                              
                                                  
l.150 για λίγο ευ αγωνίζεσ
                                           θαι, λίγο αθλητισμ...

You may provide a definition with
\DeclareUnicodeCharacter 


! LaTeX Error: Unicode character θ (U+03B8)
               not set up for use with LaTeX.

See the LaTeX manual or LaTeX Companion for explanation.
Type  H <return>  for immediate help.
 ...                                              
                                                  
l.150 για λίγο ευ αγωνίζεσθ
                                             αι, λίγο αθλητισμ...

You may provide a definition with
\DeclareUnicodeCharacter 


! LaTeX Error: Unicode character α (U+03B1)
               not set up for use with LaTeX.

See the LaTeX manual or LaTeX Companion for explanation.
Type  H <return>  for immediate help.
 ...                                              
                                                  
l.150 για λίγο ευ αγωνίζεσθα
                                               ι, λίγο αθλητισμ...

You may provide a definition with
\DeclareUnicodeCharacter 


! LaTeX Error: Unicode character ι (U+03B9)
               not set up for use with LaTeX.

See the LaTeX manual or LaTeX Companion for explanation.
Type  H <return>  for immediate help.
 ...                                              
                                                  
l.150 για λίγο ευ αγωνίζεσθαι
                                                 , λίγο αθλητισμ...

You may provide a definition with
\DeclareUnicodeCharacter 


! LaTeX Error: Unicode character λ (U+03BB)
               not set up for use with LaTeX.

See the LaTeX manual or LaTeX Companion for explanation.
Type  H <return>  for immediate help.
 ...                                              
                                                  
l.150 ... λίγο ευ αγωνίζεσθαι, λ
                                                  ίγο αθλητισμό ...

You may provide a definition with
\DeclareUnicodeCharacter 


! LaTeX Error: Unicode character ί (U+03AF)
               not set up for use with LaTeX.

See the LaTeX manual or LaTeX Companion for explanation.
Type  H <return>  for immediate help.
 ...                                              
                                                  
l.150 ...�ίγο ευ αγωνίζεσθαι, λί
                                                  γο αθλητισμό κ...

You may provide a definition with
\DeclareUnicodeCharacter 


! LaTeX Error: Unicode character γ (U+03B3)
               not set up for use with LaTeX.

See the LaTeX manual or LaTeX Companion for explanation.
Type  H <return>  for immediate help.
 ...                                              
                                                  
l.150 ...�γο ευ αγωνίζεσθαι, λίγ
                                                  ο αθλητισμό κα...

You may provide a definition with
\DeclareUnicodeCharacter 


! LaTeX Error: Unicode character ο (U+03BF)
               not set up for use with LaTeX.

See the LaTeX manual or LaTeX Companion for explanation.
Type  H <return>  for immediate help.
 ...                                              
                                                  
l.150 ...�ο ευ αγωνίζεσθαι, λίγο
                                                   αθλητισμό και...

You may provide a definition with
\DeclareUnicodeCharacter 


! LaTeX Error: Unicode character α (U+03B1)
               not set up for use with LaTeX.

See the LaTeX manual or LaTeX Companion for explanation.
Type  H <return>  for immediate help.
 ...                                              
                                                  
l.150 ... ευ αγωνίζεσθαι, λίγο α
                                                  θλητισμό και λ...

You may provide a definition with
\DeclareUnicodeCharacter 


! LaTeX Error: Unicode character θ (U+03B8)
               not set up for use with LaTeX.

See the LaTeX manual or LaTeX Companion for explanation.
Type  H <return>  for immediate help.
 ...                                              
                                                  
l.150 ...�υ αγωνίζεσθαι, λίγο αθ
                                                  λητισμό και λί...

You may provide a definition with
\DeclareUnicodeCharacter 


! LaTeX Error: Unicode character λ (U+03BB)
               not set up for use with LaTeX.

See the LaTeX manual or LaTeX Companion for explanation.
Type  H <return>  for immediate help.
 ...                                              
                                                  
l.150 ...� αγωνίζεσθαι, λίγο αθλ
                                                  ητισμό και λίγ...

You may provide a definition with
\DeclareUnicodeCharacter 


! LaTeX Error: Unicode character η (U+03B7)
               not set up for use with LaTeX.

See the LaTeX manual or LaTeX Companion for explanation.
Type  H <return>  for immediate help.
 ...                                              
                                                  
l.150 ...αγωνίζεσθαι, λίγο αθλη
                                                  τισμό και λίγο...

You may provide a definition with
\DeclareUnicodeCharacter 


! LaTeX Error: Unicode character τ (U+03C4)
               not set up for use with LaTeX.

See the LaTeX manual or LaTeX Companion for explanation.
Type  H <return>  for immediate help.
 ...                                              
                                                  
l.150 ...γωνίζεσθαι, λίγο αθλητ
                                                  ισμό και λίγο �...

You may provide a definition with
\DeclareUnicodeCharacter 


! LaTeX Error: Unicode character ι (U+03B9)
               not set up for use with LaTeX.

See the LaTeX manual or LaTeX Companion for explanation.
Type  H <return>  for immediate help.
 ...                                              
                                                  
l.150 ...ωνίζεσθαι, λίγο αθλητι
                                                  σμό και λίγο θ�...

You may provide a definition with
\DeclareUnicodeCharacter 


! LaTeX Error: Unicode character σ (U+03C3)
               not set up for use with LaTeX.

See the LaTeX manual or LaTeX Companion for explanation.
Type  H <return>  for immediate help.
 ...                                              
                                                  
l.150 ...νίζεσθαι, λίγο αθλητισ
                                                  μό και λίγο θέ�...

You may provide a definition with
\DeclareUnicodeCharacter 


! LaTeX Error: Unicode character μ (U+03BC)
               not set up for use with LaTeX.

See the LaTeX manual or LaTeX Companion for explanation.
Type  H <return>  for immediate help.
 ...                                              
                                                  
l.150 ...ίζεσθαι, λίγο αθλητισμ
                                                  ό και λίγο θέα�...

You may provide a definition with
\DeclareUnicodeCharacter 


! LaTeX Error: Unicode character ό (U+03CC)
               not set up for use with LaTeX.

See the LaTeX manual or LaTeX Companion for explanation.
Type  H <return>  for immediate help.
 ...                                              
                                                  
l.150 ...ζεσθαι, λίγο αθλητισμό
                                                   και λίγο θέαμ�...

You may provide a definition with
\DeclareUnicodeCharacter 


! LaTeX Error: Unicode character κ (U+03BA)
               not set up for use with LaTeX.

See the LaTeX manual or LaTeX Companion for explanation.
Type  H <return>  for immediate help.
 ...                                              
                                                  
l.150 ...�σθαι, λίγο αθλητισμό κ
                                                  αι λίγο θέαμα. ...

You may provide a definition with
\DeclareUnicodeCharacter 


! LaTeX Error: Unicode character α (U+03B1)
               not set up for use with LaTeX.

See the LaTeX manual or LaTeX Companion for explanation.
Type  H <return>  for immediate help.
 ...                                              
                                                  
l.150 ...�θαι, λίγο αθλητισμό κα
                                                  ι λίγο θέαμα. Λ...

You may provide a definition with
\DeclareUnicodeCharacter 


! LaTeX Error: Unicode character ι (U+03B9)
               not set up for use with LaTeX.

See the LaTeX manual or LaTeX Companion for explanation.
Type  H <return>  for immediate help.
 ...                                              
                                                  
l.150 ...�αι, λίγο αθλητισμό και
                                                   λίγο θέαμα. Λί...

You may provide a definition with
\DeclareUnicodeCharacter 


! LaTeX Error: Unicode character λ (U+03BB)
               not set up for use with LaTeX.

See the LaTeX manual or LaTeX Companion for explanation.
Type  H <return>  for immediate help.
 ...                                              
                                                  
l.150 ...ι, λίγο αθλητισμό και λ
                                                  ίγο θέαμα. Λίγ�...

You may provide a definition with
\DeclareUnicodeCharacter 


! LaTeX Error: Unicode character ί (U+03AF)
               not set up for use with LaTeX.

See the LaTeX manual or LaTeX Companion for explanation.
Type  H <return>  for immediate help.
 ...                                              
                                                  
l.150 ..., λίγο αθλητισμό και λί
                                                  γο θέαμα. Λίγο ...

You may provide a definition with
\DeclareUnicodeCharacter 


! LaTeX Error: Unicode character γ (U+03B3)
               not set up for use with LaTeX.

See the LaTeX manual or LaTeX Companion for explanation.
Type  H <return>  for immediate help.
 ...                                              
                                                  
l.150 ...λίγο αθλητισμό και λίγ
                                                  ο θέαμα. Λίγο α...

You may provide a definition with
\DeclareUnicodeCharacter 


! LaTeX Error: Unicode character ο (U+03BF)
               not set up for use with LaTeX.

See the LaTeX manual or LaTeX Companion for explanation.
Type  H <return>  for immediate help.
 ...                                              
                                                  
l.150 ...ίγο αθλητισμό και λίγο
                                                   θέαμα. Λίγο απ...

You may provide a definition with
\DeclareUnicodeCharacter 


! LaTeX Error: Unicode character θ (U+03B8)
               not set up for use with LaTeX.

See the LaTeX manual or LaTeX Companion for explanation.
Type  H <return>  for immediate help.
 ...                                              
                                                  
l.150 ...�ο αθλητισμό και λίγο θ
                                                  έαμα. Λίγο απ' �...

You may provide a definition with
\DeclareUnicodeCharacter 


! LaTeX Error: Unicode character έ (U+03AD)
               not set up for use with LaTeX.

See the LaTeX manual or LaTeX Companion for explanation.
Type  H <return>  for immediate help.
 ...                                              
                                                  
l.150 ...� αθλητισμό και λίγο θέ
                                                  αμα. Λίγο απ' ό�...

You may provide a definition with
\DeclareUnicodeCharacter 


! LaTeX Error: Unicode character α (U+03B1)
               not set up for use with LaTeX.

See the LaTeX manual or LaTeX Companion for explanation.
Type  H <return>  for immediate help.
 ...                                              
                                                  
l.150 ...αθλητισμό και λίγο θέα
                                                  μα. Λίγο απ' όλα,
You may provide a definition with
\DeclareUnicodeCharacter 


! LaTeX Error: Unicode character μ (U+03BC)
               not set up for use with LaTeX.

See the LaTeX manual or LaTeX Companion for explanation.
Type  H <return>  for immediate help.
 ...                                              
                                                  
l.150 ...θλητισμό και λίγο θέαμ
                                                  α. Λίγο απ' όλα,
You may provide a definition with
\DeclareUnicodeCharacter 


! LaTeX Error: Unicode character α (U+03B1)
               not set up for use with LaTeX.

See the LaTeX manual or LaTeX Companion for explanation.
Type  H <return>  for immediate help.
 ...                                              
                                                  
l.150 ...λητισμό και λίγο θέαμα
                                                  . Λίγο απ' όλα,
You may provide a definition with
\DeclareUnicodeCharacter 


! LaTeX Error: Unicode character Λ (U+039B)
               not set up for use with LaTeX.

See the LaTeX manual or LaTeX Companion for explanation.
Type  H <return>  for immediate help.
 ...                                              
                                                  
l.150 ...τισμό και λίγο θέαμα. Λ
                                                  ίγο απ' όλα,
You may provide a definition with
\DeclareUnicodeCharacter 


! LaTeX Error: Unicode character ί (U+03AF)
               not set up for use with LaTeX.

See the LaTeX manual or LaTeX Companion for explanation.
Type  H <return>  for immediate help.
 ...                                              
                                                  
l.150 ...ισμό και λίγο θέαμα. Λί
                                                  γο απ' όλα,
You may provide a definition with
\DeclareUnicodeCharacter 


! LaTeX Error: Unicode character γ (U+03B3)
               not set up for use with LaTeX.

See the LaTeX manual or LaTeX Companion for explanation.
Type  H <return>  for immediate help.
 ...                                              
                                                  
l.150 ...σμό και λίγο θέαμα. Λίγ
                                                  ο απ' όλα,
You may provide a definition with
\DeclareUnicodeCharacter 


! LaTeX Error: Unicode character ο (U+03BF)
               not set up for use with LaTeX.

See the LaTeX manual or LaTeX Companion for explanation.
Type  H <return>  for immediate help.
 ...                                              
                                                  
l.150 ...μό και λίγο θέαμα. Λίγο
                                                   απ' όλα,
You may provide a definition with
\DeclareUnicodeCharacter 


! LaTeX Error: Unicode character α (U+03B1)
               not set up for use with LaTeX.

See the LaTeX manual or LaTeX Companion for explanation.
Type  H <return>  for immediate help.
 ...                                              
                                                  
l.150 ...� και λίγο θέαμα. Λίγο α
                                                  π' όλα,
You may provide a definition with
\DeclareUnicodeCharacter 


! LaTeX Error: Unicode character π (U+03C0)
               not set up for use with LaTeX.

See the LaTeX manual or LaTeX Companion for explanation.
Type  H <return>  for immediate help.
 ...                                              
                                                  
l.150 ...και λίγο θέαμα. Λίγο απ
                                                  ' όλα,
(That makes 100 errors; please try again.) 
Here is how much of TeX's memory you used:
 14037 strings out of 476091
 230020 string characters out of 5794081
 1852330 words of memory out of 5000000
 34139 multiletter control sequences out of 15000+600000
 544970 words of font info for 76 fonts, out of 8000000 for 9000
 1141 hyphenation exceptions out of 8191
 77i,5n,81p,1001b,518s stack positions out of 10000i,1000n,20000p,200000b,200000s

!  ==> Fatal error occurred, no output PDF file produced!
